layer at (0,0) size 800x600
  RenderView at (0,0) size 800x600
layer at (0,0) size 800x600
  RenderBlock {HTML} at (0,0) size 800x600
    RenderBody {BODY} at (8,8) size 784x576
      RenderBlock {FORM} at (0,0) size 784x88
        RenderTable {TABLE} at (0,0) size 303x88 [border: (1px outset #000000)]
          RenderTableSection {TBODY} at (1,1) size 301x86
            RenderTableRow {TR} at (0,2) size 301x82
              RenderTableCell {TD} at (2,2) size 297x82 [border: (1px inset #000000)] [r=0 c=0 rs=1 cs=1]
                RenderTable {TABLE} at (2,2) size 293x78 [border: (2px outset #000000)]
                  RenderTableSection {TBODY} at (2,2) size 289x74
                    RenderTableRow {TR} at (0,2) size 289x44
                      RenderTableCell {TD} at (2,2) size 83x44 [border: (1px inset #000000)] [r=0 c=0 rs=1 cs=1]
                        RenderText {#text} at (2,2) size 57x39
                          text run at (2,2) width 55: "Member"
                          text run at (2,22) width 57: "Number:"
                      RenderTableCell {TD} at (86,12) size 195x24 [border: (1px inset #000000)] [r=0 c=1 rs=1 cs=1]
                        RenderTextControl {INPUT} at (2,12) size 154x20 [bgcolor=#FFFFFF] [border: (1px solid #3C3C4399)]
                        RenderText {#text} at (0,0) size 0x0
                    RenderTableRow {TR} at (0,48) size 289x24
                      RenderTableCell {TD} at (2,48) size 83x24 [border: (1px inset #000000)] [r=1 c=0 rs=1 cs=1]
                        RenderText {#text} at (2,2) size 31x19
                          text run at (2,2) width 31: "PIN:"
                      RenderTableCell {TD} at (86,48) size 195x24 [border: (1px inset #000000)] [r=1 c=1 rs=1 cs=1]
                        RenderTextControl {INPUT} at (2,2) size 154x20 [bgcolor=#FFFFFF] [border: (1px solid #3C3C4399)]
                          RenderFlexibleBox {DIV} at (6,3) size 142x14
                            RenderBlock {DIV} at (0,0) size 142x14
                        RenderText {#text} at (0,0) size 0x0
                      RenderTableCell {TD} at (282,58) size 5x4 [border: (1px inset #000000)] [r=1 c=2 rs=1 cs=1]
layer at (110,32) size 142x14
  RenderBlock {DIV} at (6,3) size 142x14
layer at (110,68) size 142x14
  RenderBlock {DIV} at (0,0) size 142x14
