layer at (0,0) size 800x600
  RenderView at (0,0) size 800x600
layer at (0,0) size 800x184
  RenderBlock {HTML} at (0,0) size 800x184
    RenderBody {BODY} at (8,8) size 784x168
      RenderTextControl {INPUT} at (0,0) size 189x24 [bgcolor=#FFFFFF] [border: (2px inset #808080)]
        RenderFlexibleBox {DIV} at (3,3) size 183x18
          RenderBlock {DIV} at (0,9) size 0x0
          RenderBlock {DIV} at (0,0) size 167x18
      RenderBR {BR} at (189,3) size 0x17
      RenderTextControl {INPUT} at (0,24) size 189x24 [bgcolor=#FFFFFF] [border: (2px inset #808080)]
        RenderFlexibleBox {DIV} at (3,3) size 183x18
          RenderBlock {DIV} at (0,9) size 0x0
          RenderBlock {DIV} at (0,0) size 167x18
      RenderBR {BR} at (189,27) size 0x17
      RenderTextControl {INPUT} at (0,48) size 205x24 [bgcolor=#FFFFFF] [border: (2px inset #808080)]
        RenderFlexibleBox {DIV} at (3,3) size 199x18
          RenderBlock {DIV} at (16,0) size 167x18
      RenderBR {BR} at (205,51) size 0x17
      RenderTextControl {INPUT} at (0,72) size 205x24 [bgcolor=#FFFFFF] [border: (2px inset #808080)]
        RenderFlexibleBox {DIV} at (3,3) size 199x18
          RenderBlock {DIV} at (16,0) size 167x18
      RenderBR {BR} at (205,75) size 0x17
      RenderTextControl {INPUT} at (0,96) size 205x24 [bgcolor=#FFFFFF] [border: (2px inset #808080)]
        RenderFlexibleBox {DIV} at (3,3) size 199x18
          RenderBlock {DIV} at (16,0) size 167x18
      RenderBR {BR} at (205,99) size 0x17
      RenderTextControl {INPUT} at (0,120) size 205x24 [bgcolor=#FFFFFF] [border: (2px inset #808080)]
        RenderFlexibleBox {DIV} at (3,3) size 199x18
          RenderBlock {DIV} at (16,0) size 167x18
      RenderBR {BR} at (205,123) size 0x17
      RenderTextControl {INPUT} at (0,144) size 365x24 [bgcolor=#FFFFFF] [border: (2px inset #808080)]
        RenderFlexibleBox {DIV} at (3,3) size 359x18
          RenderBlock {DIV} at (16,0) size 327x18
      RenderText {#text} at (0,0) size 0x0
layer at (11,11) size 167x18
  RenderBlock {DIV} at (0,0) size 167x18
layer at (11,35) size 167x18
  RenderBlock {DIV} at (0,0) size 167x18
    RenderText {#text} at (0,0) size 160x17
      text run at (0,0) width 160: "12345678901234567890"
layer at (27,59) size 167x18
  RenderBlock {DIV} at (0,0) size 167x18
layer at (27,83) size 167x18
  RenderBlock {DIV} at (0,0) size 167x18
    RenderText {#text} at (0,0) size 160x17
      text run at (0,0) width 160: "12345678901234567890"
layer at (27,107) size 167x18
  RenderBlock {DIV} at (0,0) size 167x18
layer at (27,131) size 167x18
  RenderBlock {DIV} at (0,0) size 167x18
    RenderText {#text} at (0,0) size 160x17
      text run at (0,0) width 160: "12345678901234567890"
layer at (27,155) size 327x18
  RenderBlock {DIV} at (0,0) size 327x18
    RenderText {#text} at (0,0) size 320x17
      text run at (0,0) width 320: "1234567890123456789012345678901234567890"
layer at (178,36) size 16x16
  RenderBlock {DIV} at (167,1) size 16x16 [bgcolor=#000000]
layer at (11,60) size 16x16
  RenderBlock {DIV} at (0,1) size 16x16 [bgcolor=#000000]
layer at (11,84) size 16x16
  RenderBlock {DIV} at (0,1) size 16x16 [bgcolor=#000000]
layer at (194,84) size 16x16
  RenderBlock {DIV} at (183,1) size 16x16 [bgcolor=#000000]
layer at (11,108) size 16x16
  RenderBlock {DIV} at (0,1) size 16x16 [bgcolor=#000000]
layer at (11,132) size 16x16
  RenderBlock {DIV} at (0,1) size 16x16 [bgcolor=#000000]
layer at (194,132) size 16x16
  RenderBlock {DIV} at (183,1) size 16x16 [bgcolor=#000000]
layer at (11,156) size 16x16
  RenderBlock {DIV} at (0,1) size 16x16 [bgcolor=#000000]
layer at (354,156) size 16x16
  RenderBlock {DIV} at (343,1) size 16x16 [bgcolor=#000000]
