layer at (0,0) size 800x600
  RenderView at (0,0) size 800x600
layer at (0,0) size 800x600
  RenderBlock {HTML} at (0,0) size 800x600
    RenderBody {BODY} at (8,8) size 784x584
      RenderText {#text} at (0,0) size 98x19
        text run at (0,0) width 98: "initial selected:"
      RenderBR {BR} at (97,0) size 1x19
      RenderMenuList {SELECT} at (0,20) size 146x20 [color=#007AFF] [bgcolor=#E9E9EA] [border: (1px solid #FFFFFF)]
        RenderBlock (anonymous) at (6,3) size 134x14
          RenderText at (0,0) size 122x14
            text run at (0,0) width 122: "this should be selected"
      RenderBR {BR} at (146,19) size 0x19
      RenderText {#text} at (0,40) size 165x19
        text run at (0,40) width 165: "dynamic selected change:"
      RenderBR {BR} at (164,40) size 1x19
      RenderMenuList {SELECT} at (0,60) size 146x20 [color=#007AFF] [bgcolor=#E9E9EA] [border: (1px solid #FFFFFF)]
        RenderBlock (anonymous) at (6,3) size 134x14
          RenderText at (0,0) size 122x14
            text run at (0,0) width 122: "this should be selected"
      RenderText {#text} at (0,0) size 0x0
      RenderBR {BR} at (146,59) size 0x19
      RenderText {#text} at (0,80) size 217x19
        text run at (0,80) width 217: "dynamic insert of selected option:"
      RenderBR {BR} at (216,80) size 1x19
      RenderMenuList {SELECT} at (0,100) size 146x20 [color=#007AFF] [bgcolor=#E9E9EA] [border: (1px solid #FFFFFF)]
        RenderBlock (anonymous) at (6,3) size 134x14
          RenderText at (0,0) size 122x14
            text run at (0,0) width 122: "this should be selected"
      RenderBR {BR} at (146,99) size 0x19
      RenderText {#text} at (0,120) size 98x19
        text run at (0,120) width 98: "initial selected:"
      RenderBR {BR} at (97,120) size 1x19
      RenderMenuList {SELECT} at (0,140) size 146x20 [color=#007AFF] [bgcolor=#E9E9EA] [border: (1px solid #FFFFFF)]
        RenderBlock (anonymous) at (6,3) size 134x14
          RenderText at (0,0) size 122x14
            text run at (0,0) width 122: "this should be selected"
      RenderBR {BR} at (146,139) size 0x19
      RenderText {#text} at (0,160) size 165x19
        text run at (0,160) width 165: "dynamic selected change:"
      RenderBR {BR} at (164,160) size 1x19
      RenderMenuList {SELECT} at (0,180) size 146x20 [color=#007AFF] [bgcolor=#E9E9EA] [border: (1px solid #FFFFFF)]
        RenderBlock (anonymous) at (6,3) size 134x14
          RenderText at (0,0) size 122x14
            text run at (0,0) width 122: "this should be selected"
      RenderText {#text} at (0,0) size 0x0
      RenderBR {BR} at (146,179) size 0x19
      RenderText {#text} at (0,200) size 217x19
        text run at (0,200) width 217: "dynamic insert of selected option:"
      RenderBR {BR} at (216,200) size 1x19
      RenderMenuList {SELECT} at (0,220) size 146x20 [color=#007AFF] [bgcolor=#E9E9EA] [border: (1px solid #FFFFFF)]
        RenderBlock (anonymous) at (6,3) size 134x14
          RenderText at (0,0) size 122x14
            text run at (0,0) width 122: "this should be selected"
      RenderText {#text} at (0,0) size 0x0
