layer at (0,0) size 800x600
  RenderView at (0,0) size 800x600
layer at (0,0) size 800x600
  RenderBlock {HTML} at (0,0) size 800x600
    RenderBody {BODY} at (8,8) size 784x576
      RenderBlock {H1} at (0,0) size 784x37
        RenderText {#text} at (0,0) size 231x36
          text run at (0,0) width 231: "Min-Width Tests"
      RenderTable {TABLE} at (0,58) size 784x87 [border: (2px outset #000000)]
        RenderTableSection {TBODY} at (2,2) size 780x82
          RenderTableRow {TR} at (0,0) size 780x82
            RenderTableCell {TD} at (0,0) size 133x82 [border: (1px inset #000000)] [r=0 c=0 rs=1 cs=1]
              RenderMenuList {SELECT} at (1,1) size 131x80 [bgcolor=#FFFFFF] [border: (40px solid #FF0000)]
                RenderBlock (anonymous) at (40,40) size 51x28
                  RenderText at (5,5) size 25x17
                    text run at (5,5) width 25: "Foo"
            RenderTableCell {TD} at (133,40) size 647x2 [border: (1px inset #000000)] [r=0 c=1 rs=1 cs=1]
      RenderBlock {P} at (0,160) size 784x25
        RenderTable {TABLE} at (0,0) size 784x24 [border: (2px outset #000000)]
          RenderTableSection {TBODY} at (2,2) size 780x20
            RenderTableRow {TR} at (0,0) size 780x20
              RenderTableCell {TD} at (0,0) size 18x20 [border: (1px inset #000000)] [r=0 c=0 rs=1 cs=1]
                RenderBlock {INPUT} at (3,4) size 12x12
              RenderTableCell {TD} at (18,9) size 762x2 [border: (1px inset #000000)] [r=0 c=1 rs=1 cs=1]
      RenderBlock {P} at (0,200) size 784x25
        RenderTable {TABLE} at (0,0) size 784x24 [border: (2px outset #000000)]
          RenderTableSection {TBODY} at (2,2) size 780x20
            RenderTableRow {TR} at (0,0) size 780x20
              RenderTableCell {TD} at (0,0) size 18x20 [border: (1px inset #000000)] [r=0 c=0 rs=1 cs=1]
                RenderBlock {INPUT} at (3,4) size 12x12
              RenderTableCell {TD} at (18,9) size 762x2 [border: (1px inset #000000)] [r=0 c=1 rs=1 cs=1]
      RenderBlock {P} at (0,240) size 784x34
        RenderTable {TABLE} at (0,0) size 784x33 [border: (2px outset #000000)]
          RenderTableSection {TBODY} at (2,2) size 780x29
            RenderTableRow {TR} at (0,0) size 780x29
              RenderTableCell {TD} at (0,0) size 43x29 [border: (1px inset #000000)] [r=0 c=0 rs=1 cs=1]
                RenderButton {INPUT} at (1,1) size 41x27 [color=#000000CC] [bgcolor=#C0C0C0] [border: (2px outset #C0C0C0)]
                  RenderBlock (anonymous) at (8,4) size 25x18
                    RenderText at (0,0) size 25x17
                      text run at (0,0) width 25: "Foo"
              RenderTableCell {TD} at (43,13) size 737x3 [border: (1px inset #000000)] [r=0 c=1 rs=1 cs=1]
      RenderBlock {P} at (0,289) size 784x268
        RenderTable {TABLE} at (0,0) size 784x91 [border: (2px outset #000000)]
          RenderTableSection {TBODY} at (2,2) size 780x87
            RenderTableRow {TR} at (0,0) size 780x87
              RenderTableCell {TD} at (0,0) size 119x87 [border: (1px inset #000000)] [r=0 c=0 rs=1 cs=1]
                RenderButton {INPUT} at (1,1) size 117x85 [color=#000000CC] [bgcolor=#C0C0C0] [border: (40px solid #FF0000)]
                  RenderBlock (anonymous) at (46,42) size 25x18
                    RenderText at (0,0) size 25x17
                      text run at (0,0) width 25: "Foo"
              RenderTableCell {TD} at (119,42) size 661x3 [border: (1px inset #000000)] [r=0 c=1 rs=1 cs=1]
        RenderTable {TABLE} at (0,91) size 784x91 [border: (2px outset #000000)]
          RenderTableSection {TBODY} at (2,2) size 780x87
            RenderTableRow {TR} at (0,0) size 780x87
              RenderTableCell {TD} at (0,0) size 178x87 [border: (1px inset #000000)] [r=0 c=0 rs=1 cs=1]
                RenderButton {INPUT} at (1,1) size 176x85 [color=#000000CC] [bgcolor=#C0C0C0] [border: (40px solid #FF0000)]
                  RenderBlock (anonymous) at (46,42) size 84x18
                    RenderText at (0,0) size 84x17
                      text run at (0,0) width 84: "Submit a bug"
              RenderTableCell {TD} at (178,42) size 602x3 [border: (1px inset #000000)] [r=0 c=1 rs=1 cs=1]
        RenderBlock (anonymous) at (0,182) size 784x85
          RenderButton {INPUT} at (0,0) size 117x85 [color=#000000CC] [bgcolor=#C0C0C0] [border: (40px solid #FF0000)]
            RenderBlock (anonymous) at (46,42) size 25x18
              RenderText at (0,0) size 25x17
                text run at (0,0) width 25: "Foo"
