layer at (0,0) size 800x600
  RenderView at (0,0) size 800x600
layer at (0,0) size 800x600
  RenderBlock {HTML} at (0,0) size 800x600
    RenderBody {BODY} at (8,8) size 784x584
      RenderMenuList {SELECT} at (0,0) size 63x30 [bgcolor=#FFFFFF] [border: (1px solid #000000)]
        RenderBlock (anonymous) at (1,1) size 61x28
          RenderText at (5,5) size 35x17
            text run at (5,5) width 35: "Hello"
      RenderText {#text} at (63,6) size 4x17
        text run at (63,6) width 4: " "
      RenderMenuList {SELECT} at (67,0) size 87x30 [bgcolor=#FFFFFF] [border: (1px solid #000000)]
        RenderBlock (anonymous) at (1,1) size 85x28
          RenderText at (5,5) size 59x17
            text run at (5,5) width 59: "Goodbye"
      RenderText {#text} at (0,0) size 0x0
