layer at (0,0) size 800x600
  RenderView at (0,0) size 800x600
layer at (0,0) size 800x600
  RenderBlock {HTML} at (0,0) size 800x600
    RenderBody {BODY} at (8,8) size 784x584
      RenderBlock (anonymous) at (0,0) size 784x18
        RenderText {#text} at (0,0) size 338x17
          text run at (0,0) width 338: "This tests that buttons don't honor table display styles."
        RenderBR {BR} at (338,0) size 0x17
      RenderButton {INPUT} at (0,18) size 99x27 [color=#000000CC] [bgcolor=#C0C0C0] [border: (2px outset #C0C0C0)]
        RenderBlock (anonymous) at (8,4) size 83x18
          RenderText at (0,0) size 83x17
            text run at (0,0) width 83: "display: table"
      RenderButton {INPUT} at (0,45) size 99x27 [color=#000000CC] [bgcolor=#C0C0C0] [border: (2px outset #C0C0C0)]
        RenderBlock (anonymous) at (8,4) size 83x18
          RenderText at (0,0) size 83x17
            text run at (0,0) width 83: "display: table"
      RenderBlock (anonymous) at (0,72) size 784x423
        RenderBR {BR} at (0,0) size 0x17
        RenderBR {BR} at (0,18) size 0x17
        RenderButton {INPUT} at (0,36) size 139x27 [color=#000000CC] [bgcolor=#C0C0C0] [border: (2px outset #C0C0C0)]
          RenderBlock (anonymous) at (8,4) size 123x18
            RenderText at (0,0) size 123x17
              text run at (0,0) width 123: "display: inline-table"
        RenderText {#text} at (139,40) size 4x17
          text run at (139,40) width 4: " "
        RenderButton {INPUT} at (143,36) size 139x27 [color=#000000CC] [bgcolor=#C0C0C0] [border: (2px outset #C0C0C0)]
          RenderBlock (anonymous) at (8,4) size 123x18
            RenderText at (0,0) size 123x17
              text run at (0,0) width 123: "display: inline-table"
        RenderBR {BR} at (282,40) size 0x17
        RenderBR {BR} at (0,63) size 0x17
        RenderButton {INPUT} at (0,81) size 171x27 [color=#000000CC] [bgcolor=#C0C0C0] [border: (2px outset #C0C0C0)]
          RenderBlock (anonymous) at (8,4) size 155x18
            RenderText at (0,0) size 155x17
              text run at (0,0) width 155: "display: table-row-group"
        RenderText {#text} at (171,85) size 4x17
          text run at (171,85) width 4: " "
        RenderButton {INPUT} at (175,81) size 171x27 [color=#000000CC] [bgcolor=#C0C0C0] [border: (2px outset #C0C0C0)]
          RenderBlock (anonymous) at (8,4) size 155x18
            RenderText at (0,0) size 155x17
              text run at (0,0) width 155: "display: table-row-group"
        RenderBR {BR} at (346,85) size 0x17
        RenderBR {BR} at (0,108) size 0x17
        RenderButton {INPUT} at (0,126) size 188x27 [color=#000000CC] [bgcolor=#C0C0C0] [border: (2px outset #C0C0C0)]
          RenderBlock (anonymous) at (8,4) size 172x18
            RenderText at (0,0) size 172x17
              text run at (0,0) width 172: "display: table-header-group"
        RenderText {#text} at (187,130) size 5x17
          text run at (187,130) width 5: " "
        RenderButton {INPUT} at (191,126) size 189x27 [color=#000000CC] [bgcolor=#C0C0C0] [border: (2px outset #C0C0C0)]
          RenderBlock (anonymous) at (8,4) size 172x18
            RenderText at (0,0) size 172x17
              text run at (0,0) width 172: "display: table-header-group"
        RenderBR {BR} at (379,130) size 1x17
        RenderBR {BR} at (0,153) size 0x17
        RenderButton {INPUT} at (0,171) size 183x27 [color=#000000CC] [bgcolor=#C0C0C0] [border: (2px outset #C0C0C0)]
          RenderBlock (anonymous) at (8,4) size 167x18
            RenderText at (0,0) size 167x17
              text run at (0,0) width 167: "display: table-footer-group"
        RenderText {#text} at (182,175) size 5x17
          text run at (182,175) width 5: " "
        RenderButton {INPUT} at (186,171) size 184x27 [color=#000000CC] [bgcolor=#C0C0C0] [border: (2px outset #C0C0C0)]
          RenderBlock (anonymous) at (8,4) size 167x18
            RenderText at (0,0) size 167x17
              text run at (0,0) width 167: "display: table-footer-group"
        RenderBR {BR} at (369,175) size 1x17
        RenderBR {BR} at (0,198) size 0x17
        RenderButton {INPUT} at (0,216) size 129x27 [color=#000000CC] [bgcolor=#C0C0C0] [border: (2px outset #C0C0C0)]
          RenderBlock (anonymous) at (8,4) size 113x18
            RenderText at (0,0) size 113x17
              text run at (0,0) width 113: "display: table-row"
        RenderText {#text} at (129,220) size 4x17
          text run at (129,220) width 4: " "
        RenderButton {INPUT} at (133,216) size 129x27 [color=#000000CC] [bgcolor=#C0C0C0] [border: (2px outset #C0C0C0)]
          RenderBlock (anonymous) at (8,4) size 113x18
            RenderText at (0,0) size 113x17
              text run at (0,0) width 113: "display: table-row"
        RenderBR {BR} at (262,220) size 0x17
        RenderBR {BR} at (0,243) size 0x17
        RenderButton {INPUT} at (0,261) size 193x27 [color=#000000CC] [bgcolor=#C0C0C0] [border: (2px outset #C0C0C0)]
          RenderBlock (anonymous) at (8,4) size 177x18
            RenderText at (0,0) size 177x17
              text run at (0,0) width 177: "display: table-column-group"
        RenderText {#text} at (193,265) size 4x17
          text run at (193,265) width 4: " "
        RenderButton {INPUT} at (197,261) size 193x27 [color=#000000CC] [bgcolor=#C0C0C0] [border: (2px outset #C0C0C0)]
          RenderBlock (anonymous) at (8,4) size 177x18
            RenderText at (0,0) size 177x17
              text run at (0,0) width 177: "display: table-column-group"
        RenderBR {BR} at (390,265) size 0x17
        RenderBR {BR} at (0,288) size 0x17
        RenderButton {INPUT} at (0,306) size 151x27 [color=#000000CC] [bgcolor=#C0C0C0] [border: (2px outset #C0C0C0)]
          RenderBlock (anonymous) at (8,4) size 135x18
            RenderText at (0,0) size 135x17
              text run at (0,0) width 135: "display: table-column"
        RenderText {#text} at (151,310) size 4x17
          text run at (151,310) width 4: " "
        RenderButton {INPUT} at (155,306) size 151x27 [color=#000000CC] [bgcolor=#C0C0C0] [border: (2px outset #C0C0C0)]
          RenderBlock (anonymous) at (8,4) size 135x18
            RenderText at (0,0) size 135x17
              text run at (0,0) width 135: "display: table-column"
        RenderBR {BR} at (306,310) size 0x17
        RenderBR {BR} at (0,333) size 0x17
        RenderButton {INPUT} at (0,351) size 126x27 [color=#000000CC] [bgcolor=#C0C0C0] [border: (2px outset #C0C0C0)]
          RenderBlock (anonymous) at (8,4) size 110x18
            RenderText at (0,0) size 110x17
              text run at (0,0) width 110: "display: table-cell"
        RenderText {#text} at (126,355) size 4x17
          text run at (126,355) width 4: " "
        RenderButton {INPUT} at (130,351) size 126x27 [color=#000000CC] [bgcolor=#C0C0C0] [border: (2px outset #C0C0C0)]
          RenderBlock (anonymous) at (8,4) size 110x18
            RenderText at (0,0) size 110x17
              text run at (0,0) width 110: "display: table-cell"
        RenderBR {BR} at (256,355) size 0x17
        RenderBR {BR} at (0,378) size 0x17
        RenderButton {INPUT} at (0,396) size 150x27 [color=#000000CC] [bgcolor=#C0C0C0] [border: (2px outset #C0C0C0)]
          RenderBlock (anonymous) at (8,4) size 134x18
            RenderText at (0,0) size 134x17
              text run at (0,0) width 134: "display: table-caption"
        RenderText {#text} at (150,400) size 4x17
          text run at (150,400) width 4: " "
        RenderButton {INPUT} at (154,396) size 150x27 [color=#000000CC] [bgcolor=#C0C0C0] [border: (2px outset #C0C0C0)]
          RenderBlock (anonymous) at (8,4) size 134x18
            RenderText at (0,0) size 134x17
              text run at (0,0) width 134: "display: table-caption"
        RenderText {#text} at (0,0) size 0x0
