layer at (0,0) size 800x600
  RenderView at (0,0) size 800x600
layer at (0,0) size 800x600
  RenderBlock {HTML} at (0,0) size 800x600
    RenderBody {BODY} at (8,8) size 784x584
      RenderButton {BUTTON} at (0,10) size 39x14 [color=#000000CC] [bgcolor=#C0C0C0] [border: (2px outset #C0C0C0)]
        RenderBlock (anonymous) at (8,4) size 23x5
          RenderText {#text} at (0,0) size 23x5
            text run at (0,0) width 23: "Test Button"
      RenderText {#text} at (38,4) size 5x17
        text run at (38,4) width 5: " "
      RenderButton {BUTTON} at (42,9) size 47x15 [color=#000000CC] [bgcolor=#C0C0C0] [border: (2px outset #C0C0C0)]
        RenderBlock (anonymous) at (8,4) size 30x6
          RenderText {#text} at (0,0) size 30x6
            text run at (0,0) width 30: "Test Button"
      RenderText {#text} at (88,4) size 5x17
        text run at (88,4) width 5: " "
      RenderButton {BUTTON} at (92,8) size 51x17 [color=#000000CC] [bgcolor=#C0C0C0] [border: (2px outset #C0C0C0)]
        RenderBlock (anonymous) at (8,4) size 35x8
          RenderText {#text} at (0,0) size 35x8
            text run at (0,0) width 35: "Test Button"
      RenderText {#text} at (142,4) size 5x17
        text run at (142,4) width 5: " "
      RenderButton {BUTTON} at (146,7) size 54x18 [color=#000000CC] [bgcolor=#C0C0C0] [border: (2px outset #C0C0C0)]
        RenderBlock (anonymous) at (8,4) size 37x9
          RenderText {#text} at (0,0) size 37x9
            text run at (0,0) width 37: "Test Button"
      RenderText {#text} at (199,4) size 5x17
        text run at (199,4) width 5: " "
      RenderButton {BUTTON} at (203,6) size 61x19 [color=#000000CC] [bgcolor=#C0C0C0] [border: (2px outset #C0C0C0)]
        RenderBlock (anonymous) at (8,4) size 45x10
          RenderText {#text} at (0,0) size 45x10
            text run at (0,0) width 45: "Test Button"
      RenderText {#text} at (263,4) size 5x17
        text run at (263,4) width 5: " "
      RenderButton {BUTTON} at (267,5) size 64x20 [color=#000000CC] [bgcolor=#C0C0C0] [border: (2px outset #C0C0C0)]
        RenderBlock (anonymous) at (8,4) size 48x11
          RenderText {#text} at (0,0) size 48x11
            text run at (0,0) width 48: "Test Button"
      RenderText {#text} at (330,4) size 5x17
        text run at (330,4) width 5: " "
      RenderButton {BUTTON} at (334,4) size 70x21 [color=#000000CC] [bgcolor=#C0C0C0] [border: (2px outset #C0C0C0)]
        RenderBlock (anonymous) at (8,4) size 53x12
          RenderText {#text} at (0,0) size 53x12
            text run at (0,0) width 53: "Test Button"
      RenderText {#text} at (403,4) size 5x17
        text run at (403,4) width 5: " "
      RenderButton {INPUT} at (407,0) size 90x27 [color=#000000CC] [bgcolor=#C0C0C0] [border: (2px outset #C0C0C0)]
        RenderBlock (anonymous) at (8,4) size 73x18
          RenderText at (0,0) size 73x17
            text run at (0,0) width 73: "Test Button"
      RenderText {#text} at (496,4) size 5x17
        text run at (496,4) width 5: " "
      RenderButton {BUTTON} at (500,3) size 71x24 [color=#000000CC] [bgcolor=#C0C0C0] [border: (2px outset #C0C0C0)]
        RenderBlock (anonymous) at (8,4) size 55x15
          RenderText {#text} at (0,0) size 55x14
            text run at (0,0) width 55: "Test Button"
      RenderText {#text} at (570,4) size 5x17
        text run at (570,4) width 5: " "
      RenderButton {BUTTON} at (574,2) size 80x25 [color=#000000CC] [bgcolor=#C0C0C0] [border: (2px outset #C0C0C0)]
        RenderBlock (anonymous) at (8,4) size 64x16
          RenderText {#text} at (0,0) size 64x15
            text run at (0,0) width 64: "Test Button"
      RenderText {#text} at (653,4) size 5x17
        text run at (653,4) width 5: " "
      RenderButton {BUTTON} at (657,2) size 82x25 [color=#000000CC] [bgcolor=#C0C0C0] [border: (2px outset #C0C0C0)]
        RenderBlock (anonymous) at (8,4) size 66x16
          RenderText {#text} at (0,0) size 66x15
            text run at (0,0) width 66: "Test Button"
      RenderText {#text} at (0,0) size 0x0
      RenderButton {BUTTON} at (0,33) size 87x26 [color=#000000CC] [bgcolor=#C0C0C0] [border: (2px outset #C0C0C0)]
        RenderBlock (anonymous) at (8,4) size 71x17
          RenderText {#text} at (0,0) size 71x16
            text run at (0,0) width 71: "Test Button"
      RenderText {#text} at (86,36) size 5x17
        text run at (86,36) width 5: " "
      RenderButton {BUTTON} at (90,32) size 90x27 [color=#000000CC] [bgcolor=#C0C0C0] [border: (2px outset #C0C0C0)]
        RenderBlock (anonymous) at (8,4) size 73x18
          RenderText {#text} at (0,0) size 73x17
            text run at (0,0) width 73: "Test Button"
      RenderText {#text} at (179,36) size 5x17
        text run at (179,36) width 5: " "
      RenderButton {BUTTON} at (183,31) size 98x29 [color=#000000CC] [bgcolor=#C0C0C0] [border: (2px outset #C0C0C0)]
        RenderBlock (anonymous) at (8,4) size 81x20
          RenderText {#text} at (0,0) size 81x19
            text run at (0,0) width 81: "Test Button"
      RenderText {#text} at (280,36) size 5x17
        text run at (280,36) width 5: " "
      RenderButton {BUTTON} at (284,30) size 101x30 [color=#000000CC] [bgcolor=#C0C0C0] [border: (2px outset #C0C0C0)]
        RenderBlock (anonymous) at (8,4) size 84x21
          RenderText {#text} at (0,0) size 84x20
            text run at (0,0) width 84: "Test Button"
      RenderText {#text} at (384,36) size 5x17
        text run at (384,36) width 5: " "
      RenderButton {BUTTON} at (388,29) size 106x31 [color=#000000CC] [bgcolor=#C0C0C0] [border: (2px outset #C0C0C0)]
        RenderBlock (anonymous) at (8,4) size 89x22
          RenderText {#text} at (0,0) size 89x21
            text run at (0,0) width 89: "Test Button"
      RenderText {#text} at (493,36) size 5x17
        text run at (493,36) width 5: " "
      RenderButton {BUTTON} at (497,28) size 110x32 [color=#000000CC] [bgcolor=#C0C0C0] [border: (2px outset #C0C0C0)]
        RenderBlock (anonymous) at (8,4) size 94x23
          RenderText {#text} at (0,0) size 94x22
            text run at (0,0) width 94: "Test Button"
      RenderText {#text} at (606,36) size 5x17
        text run at (606,36) width 5: " "
      RenderButton {BUTTON} at (610,27) size 116x34 [color=#000000CC] [bgcolor=#C0C0C0] [border: (2px outset #C0C0C0)]
        RenderBlock (anonymous) at (8,4) size 99x25
          RenderText {#text} at (0,0) size 99x24
            text run at (0,0) width 99: "Test Button"
      RenderText {#text} at (0,0) size 0x0
