layer at (0,0) size 785x1403
  RenderView at (0,0) size 785x600
layer at (0,0) size 785x1403
  RenderBlock {HTML} at (0,0) size 785x1403
    RenderBody {BODY} at (8,8) size 769x1380
      RenderBlock {P} at (0,0) size 769x18
        RenderText {#text} at (0,0) size 108x17
          text run at (0,0) width 108: "Legend align test"
      RenderFieldSet {FIELDSET} at (2,34) size 765x60 [border: (2px groove #C0C0C0)]
        RenderBlock {LEGEND} at (14,0) size 102x18
          RenderText {#text} at (2,0) size 98x17
            text run at (2,0) width 98: "My Legend left"
        RenderBlock (anonymous) at (14,23) size 737x25
          RenderTextControl {INPUT} at (0,0) size 173x24 [bgcolor=#FFFFFF] [border: (2px inset #808080)]
          RenderText {#text} at (0,0) size 0x0
      RenderFieldSet {FIELDSET} at (2,93) size 765x61 [border: (2px groove #C0C0C0)]
        RenderBlock {LEGEND} at (322,0) size 121x18
          RenderText {#text} at (2,0) size 116x17
            text run at (2,0) width 116: "My Legend center"
        RenderBlock (anonymous) at (14,23) size 737x25
          RenderTextControl {INPUT} at (0,0) size 173x24 [bgcolor=#FFFFFF] [border: (2px inset #808080)]
          RenderText {#text} at (0,0) size 0x0
      RenderFieldSet {FIELDSET} at (2,153) size 765x60 [border: (2px groove #C0C0C0)]
        RenderBlock {LEGEND} at (640,0) size 111x18
          RenderText {#text} at (2,0) size 107x17
            text run at (2,0) width 107: "My Legend right"
        RenderBlock (anonymous) at (14,23) size 737x25
          RenderTextControl {INPUT} at (0,0) size 173x24 [bgcolor=#FFFFFF] [border: (2px inset #808080)]
          RenderText {#text} at (0,0) size 0x0
      RenderFieldSet {FIELDSET} at (2,212) size 765x61 [border: (2px groove #C0C0C0)]
        RenderBlock {LEGEND} at (14,0) size 125x18
          RenderText {#text} at (2,0) size 121x17
            text run at (2,0) width 121: "My Legend default"
        RenderBlock (anonymous) at (14,23) size 737x25
          RenderTextControl {INPUT} at (0,0) size 173x24 [bgcolor=#FFFFFF] [border: (2px inset #808080)]
          RenderText {#text} at (0,0) size 0x0
      RenderBlock {P} at (0,298) size 769x19
        RenderText {#text} at (0,0) size 147x17
          text run at (0,0) width 147: "Legend align test, RTL"
      RenderBlock (anonymous) at (0,332) size 769x0
        RenderInline {SPAN} at (0,0) size 0x0
          RenderText {#text} at (0,0) size 0x0
      RenderBlock (anonymous) at (0,332) size 769x239
        RenderFieldSet {FIELDSET} at (2,0) size 765x60 [border: (2px groove #C0C0C0)]
          RenderBlock {LEGEND} at (14,0) size 102x18
            RenderText {#text} at (2,0) size 98x17
              text run at (2,0) width 98: "My Legend left"
          RenderBlock (anonymous) at (14,23) size 737x25
            RenderTextControl {INPUT} at (565,0) size 172x24 [bgcolor=#FFFFFF] [border: (2px inset #808080)]
            RenderText {#text} at (0,0) size 0x0
        RenderFieldSet {FIELDSET} at (2,59) size 765x61 [border: (2px groove #C0C0C0)]
          RenderBlock {LEGEND} at (322,0) size 121x18
            RenderText {#text} at (2,0) size 116x17
              text run at (2,0) width 116: "My Legend center"
          RenderBlock (anonymous) at (14,23) size 737x25
            RenderTextControl {INPUT} at (565,0) size 172x24 [bgcolor=#FFFFFF] [border: (2px inset #808080)]
            RenderText {#text} at (0,0) size 0x0
        RenderFieldSet {FIELDSET} at (2,119) size 765x60 [border: (2px groove #C0C0C0)]
          RenderBlock {LEGEND} at (640,0) size 111x18
            RenderText {#text} at (2,0) size 107x17
              text run at (2,0) width 107: "My Legend right"
          RenderBlock (anonymous) at (14,23) size 737x25
            RenderTextControl {INPUT} at (565,0) size 172x24 [bgcolor=#FFFFFF] [border: (2px inset #808080)]
            RenderText {#text} at (0,0) size 0x0
        RenderFieldSet {FIELDSET} at (2,178) size 765x61 [border: (2px groove #C0C0C0)]
          RenderBlock {LEGEND} at (626,0) size 125x18
            RenderText {#text} at (2,0) size 121x17
              text run at (2,0) width 121: "My Legend default"
          RenderBlock (anonymous) at (14,23) size 737x25
            RenderTextControl {INPUT} at (565,0) size 172x24 [bgcolor=#FFFFFF] [border: (2px inset #808080)]
            RenderText {#text} at (0,0) size 0x0
      RenderBlock (anonymous) at (0,570) size 769x0
        RenderInline {SPAN} at (0,0) size 0x0
        RenderText {#text} at (0,0) size 0x0
      RenderBlock {P} at (0,596) size 769x19
        RenderText {#text} at (0,0) size 270x17
          text run at (0,0) width 270: "Legend align test with margin and padding"
      RenderFieldSet {FIELDSET} at (15,630) size 739x75 [border: (2px groove #C0C0C0)]
        RenderBlock {LEGEND} at (17,0) size 102x18
          RenderText {#text} at (2,0) size 98x17
            text run at (2,0) width 98: "My Legend left"
        RenderBlock (anonymous) at (17,33) size 705x24
          RenderTextControl {INPUT} at (0,0) size 173x24 [bgcolor=#FFFFFF] [border: (2px inset #808080)]
          RenderText {#text} at (0,0) size 0x0
      RenderFieldSet {FIELDSET} at (15,719) size 739x75 [border: (2px groove #C0C0C0)]
        RenderBlock {LEGEND} at (309,0) size 121x18
          RenderText {#text} at (2,0) size 116x17
            text run at (2,0) width 116: "My Legend center"
        RenderBlock (anonymous) at (17,33) size 705x24
          RenderTextControl {INPUT} at (0,0) size 173x24 [bgcolor=#FFFFFF] [border: (2px inset #808080)]
          RenderText {#text} at (0,0) size 0x0
      RenderFieldSet {FIELDSET} at (15,808) size 739x75 [border: (2px groove #C0C0C0)]
        RenderBlock {LEGEND} at (611,0) size 111x18
          RenderText {#text} at (2,0) size 107x17
            text run at (2,0) width 107: "My Legend right"
        RenderBlock (anonymous) at (17,33) size 705x24
          RenderTextControl {INPUT} at (0,0) size 173x24 [bgcolor=#FFFFFF] [border: (2px inset #808080)]
          RenderText {#text} at (0,0) size 0x0
      RenderFieldSet {FIELDSET} at (15,897) size 739x75 [border: (2px groove #C0C0C0)]
        RenderBlock {LEGEND} at (17,0) size 125x18
          RenderText {#text} at (2,0) size 121x17
            text run at (2,0) width 121: "My Legend default"
        RenderBlock (anonymous) at (17,33) size 705x24
          RenderTextControl {INPUT} at (0,0) size 173x24 [bgcolor=#FFFFFF] [border: (2px inset #808080)]
          RenderText {#text} at (0,0) size 0x0
      RenderBlock {P} at (0,1004) size 769x19
        RenderText {#text} at (0,0) size 308x17
          text run at (0,0) width 308: "Legend align test with margin and padding, RTL"
      RenderBlock (anonymous) at (0,1038) size 769x0
        RenderInline {SPAN} at (0,0) size 0x0
          RenderText {#text} at (0,0) size 0x0
      RenderBlock (anonymous) at (0,1038) size 769x342
        RenderFieldSet {FIELDSET} at (15,0) size 739x74 [border: (2px groove #C0C0C0)]
          RenderBlock {LEGEND} at (17,0) size 102x18
            RenderText {#text} at (2,0) size 98x17
              text run at (2,0) width 98: "My Legend left"
          RenderBlock (anonymous) at (17,33) size 705x24
            RenderTextControl {INPUT} at (533,0) size 172x24 [bgcolor=#FFFFFF] [border: (2px inset #808080)]
            RenderText {#text} at (0,0) size 0x0
        RenderFieldSet {FIELDSET} at (15,89) size 739x74 [border: (2px groove #C0C0C0)]
          RenderBlock {LEGEND} at (309,0) size 121x18
            RenderText {#text} at (2,0) size 116x17
              text run at (2,0) width 116: "My Legend center"
          RenderBlock (anonymous) at (17,33) size 705x24
            RenderTextControl {INPUT} at (533,0) size 172x24 [bgcolor=#FFFFFF] [border: (2px inset #808080)]
            RenderText {#text} at (0,0) size 0x0
        RenderFieldSet {FIELDSET} at (15,178) size 739x74 [border: (2px groove #C0C0C0)]
          RenderBlock {LEGEND} at (611,0) size 111x18
            RenderText {#text} at (2,0) size 107x17
              text run at (2,0) width 107: "My Legend right"
          RenderBlock (anonymous) at (17,33) size 705x24
            RenderTextControl {INPUT} at (533,0) size 172x24 [bgcolor=#FFFFFF] [border: (2px inset #808080)]
            RenderText {#text} at (0,0) size 0x0
        RenderFieldSet {FIELDSET} at (15,267) size 739x74 [border: (2px groove #C0C0C0)]
          RenderBlock {LEGEND} at (597,0) size 125x18
            RenderText {#text} at (2,0) size 121x17
              text run at (2,0) width 121: "My Legend default"
          RenderBlock (anonymous) at (17,33) size 705x24
            RenderTextControl {INPUT} at (533,0) size 172x24 [bgcolor=#FFFFFF] [border: (2px inset #808080)]
            RenderText {#text} at (0,0) size 0x0
      RenderBlock (anonymous) at (0,1394) size 769x0
        RenderInline {SPAN} at (0,0) size 0x0
        RenderText {#text} at (0,0) size 0x0
layer at (27,69) size 167x18
  RenderBlock {DIV} at (3,3) size 167x18
layer at (27,128) size 167x18
  RenderBlock {DIV} at (3,3) size 167x18
layer at (27,188) size 167x18
  RenderBlock {DIV} at (3,3) size 167x18
layer at (27,247) size 167x18
  RenderBlock {DIV} at (3,3) size 167x18
layer at (8,288) size 769x2 clip at (0,0) size 0x0
  RenderBlock {HR} at (0,280) size 769x3 [color=#808080] [border: (1px inset #808080)]
layer at (592,367) size 166x18
  RenderBlock {DIV} at (3,3) size 166x18
layer at (592,427) size 166x18
  RenderBlock {DIV} at (3,3) size 166x18
layer at (592,486) size 166x18
  RenderBlock {DIV} at (3,3) size 166x18
layer at (592,546) size 166x18
  RenderBlock {DIV} at (3,3) size 166x18
layer at (8,587) size 769x2 clip at (0,0) size 0x0
  RenderBlock {HR} at (0,578) size 769x3 [color=#808080] [border: (1px inset #808080)]
layer at (43,675) size 167x18
  RenderBlock {DIV} at (3,3) size 167x18
layer at (43,764) size 167x18
  RenderBlock {DIV} at (3,3) size 167x18
layer at (43,853) size 167x18
  RenderBlock {DIV} at (3,3) size 167x18
layer at (43,942) size 167x18
  RenderBlock {DIV} at (3,3) size 167x18
layer at (8,995) size 769x2 clip at (0,0) size 0x0
  RenderBlock {HR} at (0,986) size 769x3 [color=#808080] [border: (1px inset #808080)]
layer at (576,1083) size 166x18
  RenderBlock {DIV} at (3,3) size 166x18
layer at (576,1172) size 166x18
  RenderBlock {DIV} at (3,3) size 166x18
layer at (576,1261) size 166x18
  RenderBlock {DIV} at (3,3) size 166x18
layer at (576,1350) size 166x18
  RenderBlock {DIV} at (3,3) size 166x18
