layer at (0,0) size 800x600
  RenderView at (0,0) size 800x600
layer at (0,0) size 800x600
  RenderBlock {HTML} at (0,0) size 800x600
    RenderBody {BODY} at (8,8) size 784x584
      RenderButton {INPUT} at (0,9) size 39x14 [color=#000000CC] [bgcolor=#C0C0C0] [border: (2px outset #C0C0C0)]
        RenderBlock (anonymous) at (8,4) size 23x5
          RenderText at (0,0) size 23x5
            text run at (0,0) width 23: "Test Button"
      RenderText {#text} at (38,3) size 5x17
        text run at (38,3) width 5: " "
      RenderButton {INPUT} at (42,8) size 47x15 [color=#000000CC] [bgcolor=#C0C0C0] [border: (2px outset #C0C0C0)]
        RenderBlock (anonymous) at (8,4) size 30x6
          RenderText at (0,0) size 30x6
            text run at (0,0) width 30: "Test Button"
      RenderText {#text} at (88,3) size 5x17
        text run at (88,3) width 5: " "
      RenderButton {INPUT} at (92,7) size 51x17 [color=#000000CC] [bgcolor=#C0C0C0] [border: (2px outset #C0C0C0)]
        RenderBlock (anonymous) at (8,4) size 35x8
          RenderText at (0,0) size 35x8
            text run at (0,0) width 35: "Test Button"
      RenderText {#text} at (142,3) size 5x17
        text run at (142,3) width 5: " "
      RenderButton {INPUT} at (146,6) size 54x18 [color=#000000CC] [bgcolor=#C0C0C0] [border: (2px outset #C0C0C0)]
        RenderBlock (anonymous) at (8,4) size 37x9
          RenderText at (0,0) size 37x9
            text run at (0,0) width 37: "Test Button"
      RenderText {#text} at (199,3) size 5x17
        text run at (199,3) width 5: " "
      RenderButton {INPUT} at (203,5) size 61x19 [color=#000000CC] [bgcolor=#C0C0C0] [border: (2px outset #C0C0C0)]
        RenderBlock (anonymous) at (8,4) size 45x10
          RenderText at (0,0) size 45x10
            text run at (0,0) width 45: "Test Button"
      RenderText {#text} at (263,3) size 5x17
        text run at (263,3) width 5: " "
      RenderButton {INPUT} at (267,4) size 64x20 [color=#000000CC] [bgcolor=#C0C0C0] [border: (2px outset #C0C0C0)]
        RenderBlock (anonymous) at (8,4) size 48x11
          RenderText at (0,0) size 48x11
            text run at (0,0) width 48: "Test Button"
      RenderText {#text} at (330,3) size 5x17
        text run at (330,3) width 5: " "
      RenderButton {INPUT} at (334,3) size 70x21 [color=#000000CC] [bgcolor=#C0C0C0] [border: (2px outset #C0C0C0)]
        RenderBlock (anonymous) at (8,4) size 53x12
          RenderText at (0,0) size 53x12
            text run at (0,0) width 53: "Test Button"
      RenderText {#text} at (403,3) size 5x17
        text run at (403,3) width 5: " "
      RenderButton {INPUT} at (407,2) size 71x24 [color=#000000CC] [bgcolor=#C0C0C0] [border: (2px outset #C0C0C0)]
        RenderBlock (anonymous) at (8,4) size 55x15
          RenderText at (0,0) size 55x14
            text run at (0,0) width 55: "Test Button"
      RenderText {#text} at (477,3) size 5x17
        text run at (477,3) width 5: " "
      RenderButton {INPUT} at (481,1) size 80x25 [color=#000000CC] [bgcolor=#C0C0C0] [border: (2px outset #C0C0C0)]
        RenderBlock (anonymous) at (8,4) size 64x16
          RenderText at (0,0) size 64x15
            text run at (0,0) width 64: "Test Button"
      RenderText {#text} at (560,3) size 5x17
        text run at (560,3) width 5: " "
      RenderButton {INPUT} at (564,1) size 82x25 [color=#000000CC] [bgcolor=#C0C0C0] [border: (2px outset #C0C0C0)]
        RenderBlock (anonymous) at (8,4) size 66x16
          RenderText at (0,0) size 66x15
            text run at (0,0) width 66: "Test Button"
      RenderText {#text} at (645,3) size 5x17
        text run at (645,3) width 5: " "
      RenderButton {INPUT} at (649,0) size 88x26 [color=#000000CC] [bgcolor=#C0C0C0] [border: (2px outset #C0C0C0)]
        RenderBlock (anonymous) at (8,4) size 71x17
          RenderText at (0,0) size 71x16
            text run at (0,0) width 71: "Test Button"
      RenderText {#text} at (0,0) size 0x0
      RenderButton {INPUT} at (0,31) size 89x27 [color=#000000CC] [bgcolor=#C0C0C0] [border: (2px outset #C0C0C0)]
        RenderBlock (anonymous) at (8,4) size 73x18
          RenderText at (0,0) size 73x17
            text run at (0,0) width 73: "Test Button"
      RenderText {#text} at (88,35) size 5x17
        text run at (88,35) width 5: " "
      RenderButton {INPUT} at (92,30) size 98x29 [color=#000000CC] [bgcolor=#C0C0C0] [border: (2px outset #C0C0C0)]
        RenderBlock (anonymous) at (8,4) size 81x20
          RenderText at (0,0) size 81x19
            text run at (0,0) width 81: "Test Button"
      RenderText {#text} at (189,35) size 5x17
        text run at (189,35) width 5: " "
      RenderButton {INPUT} at (193,29) size 101x30 [color=#000000CC] [bgcolor=#C0C0C0] [border: (2px outset #C0C0C0)]
        RenderBlock (anonymous) at (8,4) size 84x21
          RenderText at (0,0) size 84x20
            text run at (0,0) width 84: "Test Button"
      RenderText {#text} at (293,35) size 5x17
        text run at (293,35) width 5: " "
      RenderButton {INPUT} at (297,28) size 106x31 [color=#000000CC] [bgcolor=#C0C0C0] [border: (2px outset #C0C0C0)]
        RenderBlock (anonymous) at (8,4) size 89x22
          RenderText at (0,0) size 89x21
            text run at (0,0) width 89: "Test Button"
      RenderText {#text} at (402,35) size 5x17
        text run at (402,35) width 5: " "
      RenderButton {INPUT} at (406,27) size 110x32 [color=#000000CC] [bgcolor=#C0C0C0] [border: (2px outset #C0C0C0)]
        RenderBlock (anonymous) at (8,4) size 94x23
          RenderText at (0,0) size 94x22
            text run at (0,0) width 94: "Test Button"
      RenderText {#text} at (515,35) size 5x17
        text run at (515,35) width 5: " "
      RenderButton {INPUT} at (519,26) size 116x34 [color=#000000CC] [bgcolor=#C0C0C0] [border: (2px outset #C0C0C0)]
        RenderBlock (anonymous) at (8,4) size 99x25
          RenderText at (0,0) size 99x24
            text run at (0,0) width 99: "Test Button"
      RenderText {#text} at (0,0) size 0x0
