layer at (0,0) size 800x600
  RenderView at (0,0) size 800x600
layer at (0,0) size 800x600
  RenderBlock {HTML} at (0,0) size 800x600
    RenderBody {BODY} at (8,8) size 784x576
      RenderBlock (anonymous) at (0,0) size 784x18
        RenderText {#text} at (0,0) size 480x17
          text run at (0,0) width 480: "This tests that the value becomes visible when the text field becomes visible."
      RenderBlock {P} at (0,34) size 784x24
        RenderTextControl {INPUT} at (0,0) size 173x24 [bgcolor=#FFFFFF] [border: (2px inset #808080)]
        RenderText {#text} at (0,0) size 0x0
      RenderBlock {DIV} at (0,74) size 784x0
      RenderBlock {P} at (0,74) size 784x0
layer at (11,45) size 167x18
  RenderBlock {DIV} at (3,3) size 167x18
    RenderText {#text} at (0,0) size 73x17
      text run at (0,0) width 73: "Test Passed"
