layer at (0,0) size 800x600
  RenderView at (0,0) size 800x600
layer at (0,0) size 800x600
  RenderBlock {HTML} at (0,0) size 800x600
    RenderBody {BODY} at (8,8) size 784x584
      RenderText {#text} at (0,3) size 476x17
        text run at (0,3) width 476: "This tests that empty readonly text fields have the right height and baseline. "
      RenderTextControl {INPUT} at (476,0) size 172x24 [bgcolor=#FFFFFF] [border: (2px inset #808080)]
      RenderText {#text} at (0,0) size 0x0
layer at (487,11) size 166x18
  RenderBlock {DIV} at (3,3) size 166x18
