layer at (0,0) size 800x600
  RenderView at (0,0) size 800x600
layer at (0,0) size 800x600
  RenderBlock {HTML} at (0,0) size 800x600
    RenderBody {BODY} at (8,8) size 784x584
      RenderBlock {P} at (0,0) size 784x18
        RenderText {#text} at (0,0) size 240x17
          text run at (0,0) width 240: "Test appearances of outer-spin-button."
      RenderBlock {DIV} at (0,34) size 784x0
      RenderBlock {DIV} at (0,34) size 784x464
        RenderTable {TABLE} at (0,0) size 437x464
          RenderTableSection {TBODY} at (0,0) size 437x464
            RenderTableRow {TR} at (0,2) size 437x460
              RenderTableCell {TD} at (2,77) size 174x310 [r=0 c=0 rs=1 cs=1]
                RenderBlock {DIV} at (1,76) size 172x30
                  RenderTextControl {INPUT} at (0,0) size 90x15 [bgcolor=#FFFFFF] [border: (2px inset #808080)]
                  RenderBR {BR} at (90,-4) size 0x17
                  RenderTextControl {INPUT} at (0,15) size 90x15 [bgcolor=#FFFFFF] [border: (2px inset #808080)]
                    RenderFlexibleBox {DIV} at (3,1) size 84x13
                      RenderBlock {DIV} at (0,1) size 68x10
                RenderBlock {DIV} at (1,106) size 172x32
                  RenderTextControl {INPUT} at (0,0) size 110x16 [bgcolor=#FFFFFF] [border: (2px inset #808080)]
                  RenderBR {BR} at (110,-3) size 0x17
                  RenderTextControl {INPUT} at (0,16) size 110x16 [bgcolor=#FFFFFF] [border: (2px inset #808080)]
                    RenderFlexibleBox {DIV} at (3,1) size 104x14
                      RenderBlock {DIV} at (0,1) size 88x11
                RenderBlock {DIV} at (1,138) size 172x34
                  RenderTextControl {INPUT} at (0,0) size 111x17 [bgcolor=#FFFFFF] [border: (2px inset #808080)]
                  RenderBR {BR} at (111,-2) size 0x17
                  RenderTextControl {INPUT} at (0,17) size 111x17 [bgcolor=#FFFFFF] [border: (2px inset #808080)]
                    RenderFlexibleBox {DIV} at (3,1) size 105x15
                      RenderBlock {DIV} at (0,2) size 89x11
                RenderBlock {DIV} at (1,172) size 172x36
                  RenderTextControl {INPUT} at (0,0) size 131x18 [bgcolor=#FFFFFF] [border: (2px inset #808080)]
                  RenderBR {BR} at (131,-1) size 0x17
                  RenderTextControl {INPUT} at (0,18) size 131x18 [bgcolor=#FFFFFF] [border: (2px inset #808080)]
                    RenderFlexibleBox {DIV} at (3,0) size 125x18
                      RenderBlock {DIV} at (0,2) size 109x13
                RenderBlock {DIV} at (1,208) size 172x42
                  RenderTextControl {INPUT} at (0,0) size 132x21 [bgcolor=#FFFFFF] [border: (2px inset #808080)]
                  RenderBR {BR} at (132,0) size 0x17
                  RenderTextControl {INPUT} at (0,21) size 132x21 [bgcolor=#FFFFFF] [border: (2px inset #808080)]
                    RenderFlexibleBox {DIV} at (3,1) size 126x19
                      RenderBlock {DIV} at (0,1) size 110x16
                RenderBlock {DIV} at (1,250) size 172x44
                  RenderTextControl {INPUT} at (0,0) size 152x22 [bgcolor=#FFFFFF] [border: (2px inset #808080)]
                  RenderBR {BR} at (152,1) size 0x17
                  RenderTextControl {INPUT} at (0,22) size 152x22 [bgcolor=#FFFFFF] [border: (2px inset #808080)]
                    RenderFlexibleBox {DIV} at (3,1) size 146x20
                      RenderBlock {DIV} at (0,1) size 130x17
                RenderBlock {DIV} at (1,294) size 172x44
                  RenderTextControl {INPUT} at (0,0) size 152x22 [bgcolor=#FFFFFF] [border: (2px inset #808080)]
                  RenderBR {BR} at (152,1) size 0x17
                  RenderTextControl {INPUT} at (0,22) size 152x22 [bgcolor=#FFFFFF] [border: (2px inset #808080)]
                    RenderFlexibleBox {DIV} at (3,0) size 146x22
                      RenderBlock {DIV} at (0,2) size 130x17
                RenderBlock {DIV} at (1,338) size 172x46
                  RenderTextControl {INPUT} at (0,0) size 172x23 [bgcolor=#FFFFFF] [border: (2px inset #808080)]
                  RenderBR {BR} at (172,2) size 0x17
                  RenderTextControl {INPUT} at (0,23) size 172x23 [bgcolor=#FFFFFF] [border: (2px inset #808080)]
                    RenderFlexibleBox {DIV} at (3,0) size 166x23
                      RenderBlock {DIV} at (0,2) size 150x18
              RenderTableCell {TD} at (178,2) size 257x460 [r=0 c=1 rs=1 cs=1]
                RenderBlock {DIV} at (1,1) size 255x48
                  RenderTextControl {INPUT} at (0,0) size 173x24 [bgcolor=#FFFFFF] [border: (2px inset #808080)]
                  RenderBR {BR} at (173,3) size 0x17
                  RenderTextControl {INPUT} at (0,24) size 173x24 [bgcolor=#FFFFFF] [border: (2px inset #808080)]
                    RenderFlexibleBox {DIV} at (3,0) size 167x24
                      RenderBlock {DIV} at (0,3) size 151x18
                RenderBlock {DIV} at (1,49) size 255x52
                  RenderTextControl {INPUT} at (0,0) size 193x26 [bgcolor=#FFFFFF] [border: (2px inset #808080)]
                  RenderBR {BR} at (193,4) size 0x17
                  RenderTextControl {INPUT} at (0,26) size 193x26 [bgcolor=#FFFFFF] [border: (2px inset #808080)]
                    RenderFlexibleBox {DIV} at (3,3) size 187x20
                      RenderBlock {DIV} at (0,0) size 171x20
                RenderBlock {DIV} at (1,101) size 255x54
                  RenderTextControl {INPUT} at (0,0) size 194x27 [bgcolor=#FFFFFF] [border: (2px inset #808080)]
                  RenderBR {BR} at (194,5) size 0x17
                  RenderTextControl {INPUT} at (0,27) size 194x27 [bgcolor=#FFFFFF] [border: (2px inset #808080)]
                    RenderFlexibleBox {DIV} at (3,3) size 188x21
                      RenderBlock {DIV} at (0,0) size 172x21
                RenderBlock {DIV} at (1,155) size 255x56
                  RenderTextControl {INPUT} at (0,0) size 214x28 [bgcolor=#FFFFFF] [border: (2px inset #808080)]
                  RenderBR {BR} at (214,6) size 0x17
                  RenderTextControl {INPUT} at (0,28) size 214x28 [bgcolor=#FFFFFF] [border: (2px inset #808080)]
                    RenderFlexibleBox {DIV} at (3,3) size 208x22
                      RenderBlock {DIV} at (0,0) size 192x22
                RenderBlock {DIV} at (1,211) size 255x58
                  RenderTextControl {INPUT} at (0,0) size 215x29 [bgcolor=#FFFFFF] [border: (2px inset #808080)]
                  RenderBR {BR} at (215,7) size 0x17
                  RenderTextControl {INPUT} at (0,29) size 215x29 [bgcolor=#FFFFFF] [border: (2px inset #808080)]
                    RenderFlexibleBox {DIV} at (3,3) size 209x23
                      RenderBlock {DIV} at (0,0) size 193x23
                RenderBlock {DIV} at (1,269) size 255x62
                  RenderTextControl {INPUT} at (0,0) size 235x31 [bgcolor=#FFFFFF] [border: (2px inset #808080)]
                  RenderBR {BR} at (235,8) size 0x17
                  RenderTextControl {INPUT} at (0,31) size 235x31 [bgcolor=#FFFFFF] [border: (2px inset #808080)]
                    RenderFlexibleBox {DIV} at (3,3) size 229x25
                      RenderBlock {DIV} at (0,0) size 213x25
                RenderBlock {DIV} at (1,331) size 255x64
                  RenderTextControl {INPUT} at (0,0) size 236x32 [bgcolor=#FFFFFF] [border: (2px inset #808080)]
                  RenderBR {BR} at (236,9) size 0x17
                  RenderTextControl {INPUT} at (0,32) size 236x32 [bgcolor=#FFFFFF] [border: (2px inset #808080)]
                    RenderFlexibleBox {DIV} at (3,3) size 230x26
                      RenderBlock {DIV} at (0,0) size 214x26
                RenderBlock {DIV} at (1,395) size 255x64
                  RenderTextControl {INPUT} at (0,0) size 255x32 [bgcolor=#FFFFFF] [border: (2px inset #808080)]
                  RenderBR {BR} at (255,9) size 0x17
                  RenderTextControl {INPUT} at (0,32) size 255x32 [bgcolor=#FFFFFF] [border: (2px inset #808080)]
                    RenderFlexibleBox {DIV} at (3,3) size 249x26
                      RenderBlock {DIV} at (0,0) size 233x26
layer at (14,123) size 84x9
  RenderBlock {DIV} at (3,3) size 84x9
layer at (14,138) size 68x9
  RenderBlock {DIV} at (0,0) size 68x9
layer at (14,153) size 104x10
  RenderBlock {DIV} at (3,3) size 104x10
layer at (14,169) size 88x10
  RenderBlock {DIV} at (0,0) size 88x10
layer at (14,185) size 105x11
  RenderBlock {DIV} at (3,3) size 105x11
layer at (14,202) size 89x11
  RenderBlock {DIV} at (0,0) size 89x11
layer at (14,219) size 125x12
  RenderBlock {DIV} at (3,3) size 125x12
layer at (14,237) size 109x12
  RenderBlock {DIV} at (0,0) size 109x12
layer at (14,255) size 126x15
  RenderBlock {DIV} at (3,3) size 126x15
layer at (14,276) size 110x15
  RenderBlock {DIV} at (0,0) size 110x15
layer at (14,297) size 146x16
  RenderBlock {DIV} at (3,3) size 146x16
layer at (14,319) size 130x16
  RenderBlock {DIV} at (0,0) size 130x16
layer at (14,341) size 146x16
  RenderBlock {DIV} at (3,3) size 146x16
layer at (14,363) size 130x16
  RenderBlock {DIV} at (0,0) size 130x16
layer at (14,385) size 166x17
  RenderBlock {DIV} at (3,3) size 166x17
layer at (14,408) size 150x17
  RenderBlock {DIV} at (0,0) size 150x17
layer at (190,48) size 167x18
  RenderBlock {DIV} at (3,3) size 167x18
layer at (190,72) size 151x18
  RenderBlock {DIV} at (0,0) size 151x18
layer at (190,96) size 187x20
  RenderBlock {DIV} at (3,3) size 187x20
layer at (190,122) size 171x20
  RenderBlock {DIV} at (0,0) size 171x20
layer at (190,148) size 188x21
  RenderBlock {DIV} at (3,3) size 188x21
layer at (190,175) size 172x21
  RenderBlock {DIV} at (0,0) size 172x21
layer at (190,202) size 208x22
  RenderBlock {DIV} at (3,3) size 208x22
layer at (190,230) size 192x22
  RenderBlock {DIV} at (0,0) size 192x22
layer at (190,258) size 209x23
  RenderBlock {DIV} at (3,3) size 209x23
layer at (190,287) size 193x23
  RenderBlock {DIV} at (0,0) size 193x23
layer at (190,316) size 229x25
  RenderBlock {DIV} at (3,3) size 229x25
layer at (190,347) size 213x25
  RenderBlock {DIV} at (0,0) size 213x25
layer at (190,378) size 230x26
  RenderBlock {DIV} at (3,3) size 230x26
layer at (190,410) size 214x26
  RenderBlock {DIV} at (0,0) size 214x26
layer at (190,442) size 249x26
  RenderBlock {DIV} at (3,3) size 249x26
layer at (190,474) size 233x26
  RenderBlock {DIV} at (0,0) size 233x26
layer at (82,137) size 16x12
  RenderBlock (relative positioned) {DIV} at (68,0) size 16x12
layer at (102,167) size 16x14
  RenderBlock (relative positioned) {DIV} at (88,0) size 16x14
layer at (103,200) size 16x15
  RenderBlock (relative positioned) {DIV} at (89,0) size 16x15
layer at (123,235) size 16x17
  RenderBlock (relative positioned) {DIV} at (109,0) size 16x17
layer at (124,275) size 16x18
  RenderBlock (relative positioned) {DIV} at (110,0) size 16x18
layer at (144,317) size 16x20
  RenderBlock (relative positioned) {DIV} at (130,0) size 16x20
layer at (144,361) size 16x21
  RenderBlock (relative positioned) {DIV} at (130,0) size 16x21
layer at (164,405) size 16x23
  RenderBlock (relative positioned) {DIV} at (150,0) size 16x23
layer at (341,69) size 16x24
  RenderBlock (relative positioned) {DIV} at (151,0) size 16x24
layer at (361,124) size 16x17
  RenderBlock (relative positioned) {DIV} at (171,1) size 16x18
layer at (362,177) size 16x18
  RenderBlock (relative positioned) {DIV} at (172,1) size 16x19
layer at (382,232) size 16x19
  RenderBlock (relative positioned) {DIV} at (192,1) size 16x20
layer at (383,289) size 16x20
  RenderBlock (relative positioned) {DIV} at (193,1) size 16x21
layer at (403,349) size 16x21
  RenderBlock (relative positioned) {DIV} at (213,2) size 16x21
layer at (404,412) size 16x22
  RenderBlock (relative positioned) {DIV} at (214,2) size 16x22
layer at (423,476) size 16x23
  RenderBlock (relative positioned) {DIV} at (233,1) size 16x24
