layer at (0,0) size 800x600
  RenderView at (0,0) size 800x600
layer at (0,0) size 800x600
  RenderBlock {HTML} at (0,0) size 800x600
    RenderBody {BODY} at (8,8) size 784x584
      RenderMenuList {SELECT} at (0,0) size 75x30 [bgcolor=#FFFFFF] [border: (1px solid #000000)]
        RenderBlock (anonymous) at (1,1) size 73x28
          RenderText at (5,5) size 47x17
            text run at (5,5) width 47: "Default"
      RenderText {#text} at (75,6) size 4x17
        text run at (75,6) width 4: " "
      RenderMenuList {SELECT} at (79,0) size 54x30 [color=#FF0000] [bgcolor=#FFFFFF] [border: (1px solid #FF0000)]
        RenderBlock (anonymous) at (1,1) size 52x28
          RenderText at (5,5) size 26x17
            text run at (5,5) width 26: "Red"
      RenderText {#text} at (133,6) size 4x17
        text run at (133,6) width 4: " "
      RenderMenuList {SELECT} at (137,0) size 134x30 [bgcolor=#008000] [border: (1px solid #000000)]
        RenderBlock (anonymous) at (1,1) size 132x28
          RenderText at (5,5) size 106x17
            text run at (5,5) width 106: "Default on green"
      RenderText {#text} at (271,6) size 4x17
        text run at (271,6) width 4: " "
      RenderMenuList {SELECT} at (275,0) size 113x30 [color=#FF0000] [bgcolor=#008000] [border: (1px solid #FF0000)]
        RenderBlock (anonymous) at (1,1) size 111x28
          RenderText at (5,5) size 85x17
            text run at (5,5) width 85: "Red on green"
      RenderText {#text} at (0,0) size 0x0
