layer at (0,0) size 800x600
  RenderView at (0,0) size 800x600
layer at (0,0) size 800x600
  RenderBlock {HTML} at (0,0) size 800x600
    RenderBody {BODY} at (8,8) size 784x576
      RenderBlock {P} at (0,0) size 784x18
        RenderText {#text} at (0,0) size 52x17
          text run at (0,0) width 52: "Test for "
        RenderInline {I} at (51,0) size 697x17
          RenderInline {A} at (51,0) size 301x17 [color=#0000EE]
            RenderText {#text} at (51,0) size 301x17
              text run at (51,0) width 301: "http://bugs.webkit.org/show_bug.cgi?id=11916"
          RenderText {#text} at (351,0) size 397x17
            text run at (351,0) width 5: " "
            text run at (355,0) width 393: "REGRESSION (SearchField): RTL search fields are mixed up"
        RenderText {#text} at (747,0) size 5x17
          text run at (747,0) width 5: "."
      RenderBlock {P} at (0,34) size 784x72
        RenderTextControl {INPUT} at (0,0) size 172x24 [bgcolor=#FFFFFF] [border: (2px inset #808080)]
          RenderFlexibleBox {DIV} at (3,3) size 166x18
            RenderBlock {DIV} at (16,0) size 134x18
        RenderBR {BR} at (172,3) size 0x17
        RenderTextControl {INPUT} at (0,24) size 284x24 [bgcolor=#FFFFFF] [border: (2px inset #808080)]
          RenderFlexibleBox {DIV} at (3,3) size 278x18
            RenderBlock {DIV} at (16,0) size 246x18
        RenderBR {BR} at (284,27) size 0x17
        RenderTextControl {INPUT} at (0,48) size 172x24 [bgcolor=#FFFFFF] [border: (2px inset #808080)]
          RenderFlexibleBox {DIV} at (3,3) size 166x18
            RenderBlock {DIV} at (16,0) size 134x18
        RenderText {#text} at (0,0) size 0x0
      RenderBlock {P} at (0,122) size 784x18
        RenderText {#text} at (0,0) size 38x17
          text run at (0,0) width 38: "PASS"
layer at (27,45) size 134x18 scrollX 23 scrollWidth 157
  RenderBlock {DIV} at (0,0) size 134x18
    RenderText {#text} at (-23,0) size 157x17
      text run at (-23,0) width 21 RTL: "\x{5D5}\x{5D6}\x{5D4}\x{5D5}"
      text run at (-2,0) width 4 RTL: " "
      text run at (2,0) width 21: "she"
      text run at (23,0) width 4 RTL: " "
      text run at (27,0) width 13 RTL: "\x{5D6}\x{5D4}"
      text run at (40,0) width 4 RTL: " "
      text run at (44,0) width 27 RTL: "\x{5D5}\x{5D4}\x{5D9}\x{5D0}"
      text run at (71,0) width 4 RTL: " "
      text run at (75,0) width 15: "he"
      text run at (90,0) width 4 RTL: " "
      text run at (94,0) width 13 RTL: "\x{5D6}\x{5D4}"
      text run at (107,0) width 4 RTL: " "
      text run at (111,0) width 23 RTL: "\x{5D4}\x{5D5}\x{5D0}"
layer at (27,69) size 246x18
  RenderBlock {DIV} at (0,0) size 246x18
    RenderText {#text} at (89,0) size 157x17
      text run at (89,0) width 21 RTL: "\x{5D5}\x{5D6}\x{5D4}\x{5D5}"
      text run at (110,0) width 4 RTL: " "
      text run at (114,0) width 21: "she"
      text run at (135,0) width 4 RTL: " "
      text run at (139,0) width 13 RTL: "\x{5D6}\x{5D4}"
      text run at (152,0) width 4 RTL: " "
      text run at (156,0) width 27 RTL: "\x{5D5}\x{5D4}\x{5D9}\x{5D0}"
      text run at (183,0) width 4 RTL: " "
      text run at (187,0) width 15: "he"
      text run at (202,0) width 4 RTL: " "
      text run at (206,0) width 13 RTL: "\x{5D6}\x{5D4}"
      text run at (219,0) width 4 RTL: " "
      text run at (223,0) width 23 RTL: "\x{5D4}\x{5D5}\x{5D0}"
layer at (27,93) size 134x18
  RenderBlock {DIV} at (0,0) size 134x18
layer at (161,46) size 16x16
  RenderBlock {DIV} at (150,1) size 16x16 [bgcolor=#000000]
layer at (11,46) size 16x16
  RenderBlock {DIV} at (0,1) size 16x16 [bgcolor=#000000]
layer at (273,70) size 16x16
  RenderBlock {DIV} at (262,1) size 16x16 [bgcolor=#000000]
layer at (11,70) size 16x16
  RenderBlock {DIV} at (0,1) size 16x16 [bgcolor=#000000]
layer at (161,94) size 16x16
  RenderBlock {DIV} at (150,1) size 16x16 [bgcolor=#000000]
caret: position 0 of child 0 {DIV} of child 1 {DIV} of child 0 {DIV} of {#document-fragment} of child 7 {INPUT} of child 3 {P} of body
