layer at (0,0) size 800x600
  RenderView at (0,0) size 800x600
layer at (0,0) size 800x600
  RenderBlock {HTML} at (0,0) size 800x600
    RenderBody {BODY} at (8,8) size 784x576
      RenderBlock {P} at (0,0) size 784x36
        RenderText {#text} at (0,0) size 752x35
          text run at (0,0) width 419: "Test that search field text is vertically centered if the search field is "
          text run at (418,0) width 334: "taller than the text. In each of the following pairs of a"
          text run at (0,18) width 103: "search field and "
          text run at (103,18) width 356: "a text field, the vertical position of the text should be the "
          text run at (459,18) width 122: "same in both fields."
      RenderBlock {P} at (0,52) size 784x45
        RenderTextControl {INPUT} at (0,0) size 173x45 [bgcolor=#FFFFFF] [border: (2px inset #808080)]
          RenderFlexibleBox {DIV} at (3,3) size 167x39
            RenderBlock {DIV} at (16,10) size 135x19
        RenderText {#text} at (173,13) size 4x17
          text run at (173,13) width 4: " "
        RenderTextControl {INPUT} at (177,0) size 173x45 [bgcolor=#FFFFFF] [border: (2px inset #808080)]
        RenderText {#text} at (0,0) size 0x0
      RenderBlock {P} at (0,113) size 784x18
        RenderTextControl {INPUT} at (0,1) size 173x16 [bgcolor=#FFFFFF] [border: (2px inset #808080)]
          RenderFlexibleBox {DIV} at (3,0) size 167x16
            RenderBlock {DIV} at (16,3) size 135x10
        RenderText {#text} at (173,0) size 4x17
          text run at (173,0) width 4: " "
        RenderTextControl {INPUT} at (177,1) size 173x16 [bgcolor=#FFFFFF] [border: (2px inset #808080)]
        RenderText {#text} at (0,0) size 0x0
      RenderBlock {P} at (0,147) size 784x18
        RenderTextControl {INPUT} at (0,5) size 173x12 [bgcolor=#FFFFFF] [border: (2px inset #808080)]
          RenderFlexibleBox {DIV} at (3,0) size 167x12
            RenderBlock {DIV} at (16,3) size 135x6
        RenderText {#text} at (173,0) size 4x17
          text run at (173,0) width 4: " "
        RenderTextControl {INPUT} at (177,3) size 173x12 [bgcolor=#FFFFFF] [border: (2px inset #808080)]
        RenderText {#text} at (0,0) size 0x0
layer at (27,74) size 135x18
  RenderBlock {DIV} at (0,0) size 135x18
    RenderText {#text} at (0,0) size 28x17
      text run at (0,0) width 28: "Text"
layer at (188,74) size 167x18
  RenderBlock {DIV} at (3,13) size 167x19
    RenderText {#text} at (0,0) size 28x17
      text run at (0,0) width 28: "Text"
layer at (27,125) size 135x10 scrollHeight 18
  RenderBlock {DIV} at (0,0) size 135x10
    RenderText {#text} at (0,0) size 28x17
      text run at (0,0) width 28: "Text"
layer at (188,121) size 167x18
  RenderBlock {DIV} at (3,-1) size 167x18
    RenderText {#text} at (0,0) size 28x17
      text run at (0,0) width 28: "Text"
layer at (27,163) size 135x6 scrollHeight 18
  RenderBlock {DIV} at (0,0) size 135x6
    RenderText {#text} at (0,0) size 28x17
      text run at (0,0) width 28: "Text"
layer at (188,155) size 167x18
  RenderBlock {DIV} at (3,-3) size 167x18
    RenderText {#text} at (0,0) size 28x17
      text run at (0,0) width 28: "Text"
layer at (11,75) size 16x16
  RenderBlock {DIV} at (0,11) size 16x17 [bgcolor=#000000]
layer at (162,75) size 16x16
  RenderBlock {DIV} at (151,11) size 16x17 [bgcolor=#000000]
layer at (11,122) size 16x16
  RenderBlock {DIV} at (0,0) size 16x16 [bgcolor=#000000]
layer at (162,122) size 16x16
  RenderBlock {DIV} at (151,0) size 16x16 [bgcolor=#000000]
layer at (11,160) size 16x16
  RenderBlock {DIV} at (0,0) size 16x16 [bgcolor=#000000]
layer at (162,160) size 16x16
  RenderBlock {DIV} at (151,0) size 16x16 [bgcolor=#000000]
