layer at (0,0) size 800x600
  RenderView at (0,0) size 800x600
layer at (0,0) size 800x43
  RenderBlock {HTML} at (0,0) size 800x43
    RenderBody {BODY} at (8,8) size 784x27
      RenderBlock {FORM} at (0,0) size 784x27
        RenderTextControl {INPUT} at (0,1) size 173x24 [bgcolor=#FFFFFF] [border: (2px inset #808080)]
          RenderFlexibleBox {DIV} at (3,3) size 167x18
            RenderBlock {DIV} at (0,0) size 167x18
        RenderText {#text} at (173,4) size 4x17
          text run at (173,4) width 4: " "
        RenderButton {INPUT} at (177,0) size 61x27 [color=#000000CC] [bgcolor=#C0C0C0] [border: (2px outset #C0C0C0)]
          RenderBlock (anonymous) at (8,4) size 45x18
            RenderText at (0,0) size 45x17
              text run at (0,0) width 45: "Submit"
        RenderText {#text} at (0,0) size 0x0
layer at (11,12) size 167x18
  RenderBlock {DIV} at (0,0) size 167x18
layer at (8,33) size 220x108
  RenderBlock (positioned) zI: 2147483647 {DIV} at (8,33) size 220x108
layer at (8,33) size 220x16 scrollHeight 25
  RenderBlock {DIV} at (0,0) size 220x16
layer at (8,45) size 220x92
  RenderFlexibleBox zI: 2147483644 {DIV} at (0,16) size 220x92 [border: (2px solid #440000)]
    RenderBlock {DIV} at (10,10) size 0x72
    RenderBlock {DIV} at (10,10) size 200x72
      RenderBlock {DIV} at (0,0) size 200x18
        RenderText {#text} at (0,0) size 109x17
          text run at (0,0) width 109: "Fill out this field"
      RenderBlock {DIV} at (0,18) size 200x54
        RenderText {#text} at (0,0) size 144x17
          text run at (0,0) width 144: "Needs at least 8 letters."
        RenderBR {BR} at (144,0) size 0x17
        RenderText {#text} at (0,18) size 200x35
          text run at (0,18) width 200: "Should not be identical with the"
          text run at (0,36) width 112: "current password."
layer at (40,33) size 18x18 backgroundClip at (8,33) size 220x16 clip at (8,33) size 220x16
  RenderBlock (relative positioned) zI: 2147483645 {DIV} at (0,0) size 18x18 [bgcolor=#F8ECEC] [border: (2px solid #440000) none (2px solid #440000)]
caret: position 0 of child 0 {DIV} of child 0 {DIV} of child 0 {DIV} of {#document-fragment} of child 1 {INPUT} of child 0 {FORM} of body
