layer at (0,0) size 800x600
  RenderView at (0,0) size 800x600
layer at (0,0) size 800x188
  RenderBlock {HTML} at (0,0) size 800x188
    RenderBody {BODY} at (8,16) size 784x164
      RenderBlock {P} at (0,0) size 784x18
        RenderText {#text} at (0,0) size 740x17
          text run at (0,0) width 740: "This tests that the Strong Password AutoFill button renders in an auto-filled input. It can only be tested in the test tool."
      RenderBlock {DIV} at (0,34) size 784x130
        RenderTextControl {INPUT} at (0,0) size 209x24 [bgcolor=#FAFFBD] [border: (2px inset #808080)]
        RenderText {#text} at (209,2) size 4x17
          text run at (209,2) width 4: " "
        RenderTextControl {INPUT} at (213,0) size 209x24 [bgcolor=#FAFFBD] [border: (2px inset #808080)]
        RenderText {#text} at (422,2) size 4x17
          text run at (422,2) width 4: " "
        RenderTextControl {INPUT} at (426,0) size 306x24 [bgcolor=#FAFFBD] [border: (2px inset #808080)]
        RenderText {#text} at (732,2) size 4x17
          text run at (732,2) width 4: " "
        RenderTextControl {INPUT} at (736,0) size 26x24 [bgcolor=#FAFFBD] [border: (2px inset #808080)]
        RenderText {#text} at (0,0) size 0x0
        RenderTextControl {INPUT} at (0,24) size 209x106 [bgcolor=#FAFFBD] [border: (2px inset #808080)]
        RenderText {#text} at (209,67) size 4x17
          text run at (209,67) width 4: " "
        RenderTextControl {INPUT} at (213,24) size 26x106 [bgcolor=#FAFFBD] [border: (2px inset #808080)]
        RenderText {#text} at (239,67) size 4x17
          text run at (239,67) width 4: " "
        RenderTextControl {INPUT} at (243,65) size 209x24 [bgcolor=#FAFFBD] [border: (2px inset #808080)]
layer at (11,53) size 203x18
  RenderFlexibleBox {DIV} at (3,3) size 203x18
    RenderBlock {DIV} at (90,0) size 113x18 [color=#000000CC]
      RenderText {#text} at (6,0) size 107x17
        text run at (6,0) width 107: "Strong Password"
layer at (11,53) size 90x18
  RenderBlock {DIV} at (0,0) size 90x18
layer at (224,53) size 203x18
  RenderFlexibleBox {DIV} at (3,3) size 203x18
    RenderBlock {DIV} at (90,0) size 113x18 [color=#000000CC]
      RenderText {#text} at (6,0) size 107x17
        text run at (6,0) width 107: "Strong Password"
layer at (224,53) size 90x18
  RenderBlock {DIV} at (0,0) size 90x18
layer at (437,53) size 300x18
  RenderFlexibleBox {DIV} at (3,3) size 300x18
    RenderBlock {DIV} at (187,0) size 113x18 [color=#000000CC]
      RenderText {#text} at (6,0) size 107x17
        text run at (6,0) width 107: "Strong Password"
layer at (437,53) size 187x18
  RenderBlock {DIV} at (0,0) size 187x18
layer at (747,53) size 20x18 scrollWidth 113 scrollHeight 36
  RenderFlexibleBox {DIV} at (3,3) size 20x18
    RenderBlock {DIV} at (0,18) size 113x18 [color=#000000CC]
      RenderText {#text} at (6,0) size 107x17
        text run at (6,0) width 107: "Strong Password"
layer at (747,53) size 20x18
  RenderBlock {DIV} at (0,0) size 20x18
layer at (11,118) size 203x18
  RenderFlexibleBox {DIV} at (3,44) size 203x18
    RenderBlock {DIV} at (90,0) size 113x18 [color=#000000CC]
      RenderText {#text} at (6,0) size 107x17
        text run at (6,0) width 107: "Strong Password"
layer at (11,118) size 90x18
  RenderBlock {DIV} at (0,0) size 90x18
layer at (224,118) size 20x18 scrollWidth 113 scrollHeight 36
  RenderFlexibleBox {DIV} at (3,44) size 20x18
    RenderBlock {DIV} at (0,18) size 113x18 [color=#000000CC]
      RenderText {#text} at (6,0) size 107x17
        text run at (6,0) width 107: "Strong Password"
layer at (224,118) size 20x18
  RenderBlock {DIV} at (0,0) size 20x18
layer at (254,118) size 203x18
  RenderFlexibleBox {DIV} at (3,3) size 203x18
    RenderBlock {DIV} at (90,0) size 113x18 [color=#000000CC]
      RenderText {#text} at (6,0) size 107x17
        text run at (6,0) width 107: "Strong Password"
layer at (254,118) size 90x18
  RenderBlock {DIV} at (0,0) size 90x18
layer at (11,53) size 90x18 scrollWidth 430
  RenderBlock {DIV} at (0,0) size 90x18 [color=#00000099]
    RenderText {#text} at (0,0) size 430x18
      text run at (0,0) width 430: "A quick brown fox jumped over the lazy dog."
layer at (224,53) size 90x18 scrollWidth 430
  RenderBlock {DIV} at (0,0) size 90x18 [color=#00000099]
    RenderText {#text} at (0,0) size 430x18
      text run at (0,0) width 430: "A quick brown fox jumped over the lazy dog."
layer at (437,53) size 187x18 scrollWidth 430
  RenderBlock {DIV} at (0,0) size 187x18 [color=#00000099]
    RenderText {#text} at (0,0) size 430x18
      text run at (0,0) width 430: "A quick brown fox jumped over the lazy dog."
layer at (747,53) size 20x18 scrollWidth 430
  RenderBlock {DIV} at (0,0) size 20x18 [color=#00000099]
    RenderText {#text} at (0,0) size 430x18
      text run at (0,0) width 430: "A quick brown fox jumped over the lazy dog."
layer at (11,118) size 90x18 scrollWidth 430
  RenderBlock {DIV} at (0,0) size 90x18 [color=#00000099]
    RenderText {#text} at (0,0) size 430x18
      text run at (0,0) width 430: "A quick brown fox jumped over the lazy dog."
layer at (224,118) size 20x18 scrollWidth 430
  RenderBlock {DIV} at (0,0) size 20x18 [color=#00000099]
    RenderText {#text} at (0,0) size 430x18
      text run at (0,0) width 430: "A quick brown fox jumped over the lazy dog."
