layer at (0,0) size 800x600
  RenderView at (0,0) size 800x600
layer at (0,0) size 800x600
  RenderBlock {HTML} at (0,0) size 800x600
    RenderBody {BODY} at (8,8) size 784x584
      RenderTable {TABLE} at (0,0) size 468x149 [border: (1px outset #000000)]
        RenderTableSection {TBODY} at (1,1) size 466x147
          RenderTableRow {TR} at (0,0) size 466x147
            RenderTableCell {TD} at (0,0) size 466x147 [border: (1px inset #000000)] [r=0 c=0 rs=1 cs=1]
              RenderTable {TABLE} at (1,1) size 464x145 [border: (1px outset #000000)]
                RenderTableSection {TBODY} at (1,1) size 462x143
                  RenderTableRow {TR} at (0,1) size 462x30
                    RenderTableCell {TD} at (1,1) size 140x30 [border: (1px inset #000000)] [r=0 c=0 rs=1 cs=1]
                      RenderText {#text} at (5,5) size 130x19
                        text run at (5,5) width 130: "General Preferences"
                    RenderTableCell {TD} at (141,1) size 148x30 [border: (1px inset #000000)] [r=0 c=1 rs=1 cs=1]
                      RenderInline {A} at (5,5) size 137x19 [color=#0000EE]
                        RenderText {#text} at (5,5) size 137x19
                          text run at (5,5) width 137: "Groups / Permissions"
                    RenderTableCell {TD} at (289,1) size 72x30 [border: (1px inset #000000)] [r=0 c=2 rs=1 cs=1]
                      RenderInline {A} at (5,5) size 62x19 [color=#0000EE]
                        RenderText {#text} at (5,5) size 62x19
                          text run at (5,5) width 62: "Password"
                    RenderTableCell {TD} at (361,1) size 49x30 [border: (1px inset #000000)] [r=0 c=3 rs=1 cs=1]
                      RenderInline {A} at (5,5) size 39x19 [color=#0000EE]
                        RenderText {#text} at (5,5) size 39x19
                          text run at (5,5) width 39: "Email"
                    RenderTableCell {TD} at (410,1) size 51x30 [border: (1px inset #000000)] [r=0 c=4 rs=1 cs=1]
                      RenderText {#text} at (5,5) size 40x19
                        text run at (5,5) width 40: "Views"
                  RenderTableRow {TR} at (0,32) size 462x110
                    RenderTableCell {TD} at (1,32) size 460x110 [border: (1px inset #000000)] [r=1 c=0 rs=1 cs=5]
                      RenderBlock (anonymous) at (5,5) size 450x20
                        RenderBR {BR} at (224,0) size 1x19
                      RenderTable {TABLE} at (80,25) size 300x80
                        RenderTableSection {TBODY} at (0,0) size 299x80
                          RenderTableRow {TR} at (0,2) size 299x76
                            RenderTableCell {TD} at (2,2) size 295x76 [r=0 c=0 rs=1 cs=1]
                              RenderBlock {FORM} at (1,1) size 293x58
                                RenderTable {TABLE} at (0,0) size 293x58 [border: (1px outset #000000)]
                                  RenderTableSection {TBODY} at (1,1) size 291x56
                                    RenderTableRow {TR} at (0,0) size 291x56
                                      RenderTableCell {TD} at (0,0) size 291x56 [border: (1px inset #000000)] [r=0 c=0 rs=1 cs=1]
                                        RenderBlock (anonymous) at (1,1) size 289x20
                                          RenderText {#text} at (89,0) size 110x19
                                            text run at (89,0) width 110: "User Preferences"
                                        RenderTable {TABLE} at (1,21) size 289x34 [border: (1px outset #000000)]
                                          RenderTableSection {TBODY} at (1,1) size 287x32
                                            RenderTableRow {TR} at (0,1) size 287x30
                                              RenderTableCell {TH} at (1,1) size 120x30 [border: (1px inset #000000)] [r=0 c=0 rs=1 cs=1]
                                                RenderInline {NOBR} at (5,5) size 110x19
                                                  RenderText {#text} at (5,5) size 110x19
                                                    text run at (5,5) width 110: "Email Address :"
                                              RenderTableCell {TD} at (121,1) size 165x30 [border: (1px inset #000000)] [r=0 c=1 rs=1 cs=1]
                                                RenderTextControl {INPUT} at (5,5) size 154x20 [bgcolor=#FFFFFF] [border: (1px solid #3C3C4399)]
                                                RenderText {#text} at (0,0) size 0x0
layer at (231,103) size 142x14 scrollWidth 192
  RenderBlock {DIV} at (6,3) size 142x14
    RenderText {#text} at (0,0) size 190x14
      text run at (0,0) width 190: "simon.king@pipinghotnetworks.com"
