layer at (0,0) size 800x600
  RenderView at (0,0) size 800x600
layer at (0,0) size 800x136
  RenderBlock {HTML} at (0,0) size 800x136
    RenderBody {BODY} at (8,8) size 784x120
      RenderBlock (anonymous) at (0,0) size 784x20
        RenderText {#text} at (0,0) size 364x19
          text run at (0,0) width 364: "The result should have horizontal and vertical scrollbars."
layer at (8,28) size 100x100 clip at (8,28) size 85x85 scrollWidth 89 scrollHeight 94
  RenderBlock {DIV} at (0,20) size 100x100
layer at (8,28) size 90x80 backgroundClip at (8,28) size 85x85 clip at (8,28) size 85x85
  RenderBlock {DIV} at (0,0) size 90x80
