layer at (0,0) size 800x600
  RenderView at (0,0) size 800x600
layer at (0,0) size 800x184
  RenderBlock {HTML} at (0,0) size 800x184
    RenderBody {BODY} at (8,16) size 784x160
      RenderBlock {P} at (0,0) size 784x18
        RenderText {#text} at (0,0) size 757x18
          text run at (0,0) width 757: "This tests that the Strong Password AutoFill button renders in an auto-filled input. It can only be tested in the test tool."
      RenderBlock {DIV} at (0,34) size 784x126
        RenderTextControl {INPUT} at (0,1) size 158x19 [bgcolor=#FAFFBD] [border: (2px inset #808080)]
        RenderText {#text} at (158,0) size 4x18
          text run at (158,0) width 4: " "
        RenderTextControl {INPUT} at (162,1) size 158x19 [bgcolor=#FAFFBD] [border: (2px inset #808080)]
        RenderText {#text} at (320,0) size 4x18
          text run at (320,0) width 4: " "
        RenderTextControl {INPUT} at (324,1) size 306x19 [bgcolor=#FAFFBD] [border: (2px inset #808080)]
        RenderText {#text} at (630,0) size 4x18
          text run at (630,0) width 4: " "
        RenderTextControl {INPUT} at (634,1) size 26x19 [bgcolor=#FAFFBD] [border: (2px inset #808080)]
        RenderText {#text} at (0,0) size 0x0
        RenderTextControl {INPUT} at (0,20) size 158x106 [bgcolor=#FAFFBD] [border: (2px inset #808080)]
        RenderText {#text} at (158,62) size 4x18
          text run at (158,62) width 4: " "
        RenderTextControl {INPUT} at (162,20) size 26x106 [bgcolor=#FAFFBD] [border: (2px inset #808080)]
        RenderText {#text} at (188,62) size 4x18
          text run at (188,62) width 4: " "
        RenderTextControl {INPUT} at (192,63) size 158x19 [bgcolor=#FAFFBD] [border: (2px inset #808080)]
layer at (11,54) size 152x13
  RenderFlexibleBox {DIV} at (3,3) size 152x13
    RenderBlock {DIV} at (57,0) size 95x13 [color=#000000CC]
      RenderText {#text} at (6,0) size 89x13
        text run at (6,0) width 89: "Strong Password"
layer at (11,54) size 58x13
  RenderBlock {DIV} at (0,0) size 58x13
layer at (173,54) size 152x13
  RenderFlexibleBox {DIV} at (3,3) size 152x13
    RenderBlock {DIV} at (57,0) size 95x13 [color=#000000CC]
      RenderText {#text} at (6,0) size 89x13
        text run at (6,0) width 89: "Strong Password"
layer at (173,54) size 58x13
  RenderBlock {DIV} at (0,0) size 58x13
layer at (335,54) size 300x13
  RenderFlexibleBox {DIV} at (3,3) size 300x13
    RenderBlock {DIV} at (205,0) size 95x13 [color=#000000CC]
      RenderText {#text} at (6,0) size 89x13
        text run at (6,0) width 89: "Strong Password"
layer at (335,54) size 206x13
  RenderBlock {DIV} at (0,0) size 206x13
layer at (645,54) size 20x13 scrollWidth 94 scrollHeight 26
  RenderFlexibleBox {DIV} at (3,3) size 20x13
    RenderBlock {DIV} at (0,13) size 95x13 [color=#000000CC]
      RenderText {#text} at (6,0) size 89x13
        text run at (6,0) width 89: "Strong Password"
layer at (645,54) size 20x13
  RenderBlock {DIV} at (0,0) size 20x13
layer at (11,117) size 152x13
  RenderFlexibleBox {DIV} at (3,46) size 152x14
    RenderBlock {DIV} at (57,0) size 95x13 [color=#000000CC]
      RenderText {#text} at (6,0) size 89x13
        text run at (6,0) width 89: "Strong Password"
layer at (11,117) size 58x13
  RenderBlock {DIV} at (0,0) size 58x13
layer at (173,117) size 20x13 scrollWidth 94 scrollHeight 26
  RenderFlexibleBox {DIV} at (3,46) size 20x14
    RenderBlock {DIV} at (0,13) size 95x13 [color=#000000CC]
      RenderText {#text} at (6,0) size 89x13
        text run at (6,0) width 89: "Strong Password"
layer at (173,117) size 20x13
  RenderBlock {DIV} at (0,0) size 20x13
layer at (203,116) size 152x13
  RenderFlexibleBox {DIV} at (3,3) size 152x13
    RenderBlock {DIV} at (57,0) size 95x13 [color=#000000CC]
      RenderText {#text} at (6,0) size 89x13
        text run at (6,0) width 89: "Strong Password"
layer at (203,116) size 58x13
  RenderBlock {DIV} at (0,0) size 58x13
layer at (11,54) size 58x13 scrollWidth 284
  RenderBlock {DIV} at (0,0) size 58x13 [color=#00000099]
    RenderText {#text} at (0,0) size 284x13
      text run at (0,0) width 284: "A quick brown fox jumped over the lazy dog."
layer at (173,54) size 58x13 scrollWidth 284
  RenderBlock {DIV} at (0,0) size 58x13 [color=#00000099]
    RenderText {#text} at (0,0) size 284x13
      text run at (0,0) width 284: "A quick brown fox jumped over the lazy dog."
layer at (335,54) size 206x13 scrollWidth 284
  RenderBlock {DIV} at (0,0) size 206x13 [color=#00000099]
    RenderText {#text} at (0,0) size 284x13
      text run at (0,0) width 284: "A quick brown fox jumped over the lazy dog."
layer at (645,54) size 20x13 scrollWidth 284
  RenderBlock {DIV} at (0,0) size 20x13 [color=#00000099]
    RenderText {#text} at (0,0) size 284x13
      text run at (0,0) width 284: "A quick brown fox jumped over the lazy dog."
layer at (11,117) size 58x13 scrollWidth 284
  RenderBlock {DIV} at (0,0) size 58x13 [color=#00000099]
    RenderText {#text} at (0,0) size 284x13
      text run at (0,0) width 284: "A quick brown fox jumped over the lazy dog."
layer at (173,117) size 20x13 scrollWidth 284
  RenderBlock {DIV} at (0,0) size 20x13 [color=#00000099]
    RenderText {#text} at (0,0) size 284x13
      text run at (0,0) width 284: "A quick brown fox jumped over the lazy dog."
