layer at (0,0) size 800x600
  RenderView at (0,0) size 800x600
layer at (0,0) size 800x514
  RenderBlock {HTML} at (0,0) size 800x514
    RenderBody {BODY} at (8,8) size 784x498
      RenderBlock {DIV} at (0,0) size 784x498 [border: (1px solid #FF0000)]
        RenderText {#text} at (1,0) size 169x19
          text run at (1,0) width 169: "Whitespace in option text:"
        RenderMenuList {SELECT} at (169,1) size 49x20 [bgcolor=#E9E9EA] [border: (1px solid #FFFFFF)]
          RenderBlock (anonymous) at (6,3) size 36x14
            RenderText at (0,0) size 24x14
              text run at (0,0) width 24: "f o o"
        RenderText {#text} at (217,0) size 8x19
          text run at (217,0) width 8: "a"
        RenderMenuList {SELECT} at (224,1) size 49x20 [bgcolor=#E9E9EA] [border: (1px solid #FFFFFF)]
          RenderBlock (anonymous) at (6,3) size 36x14
            RenderText at (0,0) size 24x14
              text run at (0,0) width 24: "f o o"
        RenderText {#text} at (272,0) size 9x19
          text run at (272,0) width 9: "b"
        RenderBR {BR} at (280,0) size 1x19
        RenderBR {BR} at (1,19) size 0x19
        RenderText {#text} at (1,36) size 140x19
          text run at (1,36) width 140: "Simple select control:"
        RenderMenuList {SELECT} at (140,37) size 43x20 [bgcolor=#E9E9EA] [border: (1px solid #FFFFFF)]
          RenderBlock (anonymous) at (6,3) size 30x14
            RenderText at (0,0) size 17x14
              text run at (0,0) width 17: "foo"
        RenderText {#text} at (182,36) size 8x19
          text run at (182,36) width 8: "a"
        RenderMenuList {SELECT} at (189,37) size 43x20 [color=#3C3C434C] [bgcolor=#EEEEEF] [border: (1px solid #FFFFFF)]
          RenderBlock (anonymous) at (6,3) size 30x14
            RenderText at (0,0) size 17x14
              text run at (0,0) width 17: "foo"
        RenderText {#text} at (231,36) size 9x19
          text run at (231,36) width 9: "b"
        RenderBR {BR} at (239,36) size 1x19
        RenderBR {BR} at (1,55) size 0x19
        RenderText {#text} at (1,72) size 198x19
          text run at (1,72) width 198: "Line-height should be ignored:"
        RenderMenuList {SELECT} at (198,73) size 42x20 [bgcolor=#E9E9EA] [border: (1px solid #FFFFFF)]
          RenderBlock (anonymous) at (6,3) size 29x14
            RenderText at (0,0) size 17x14
              text run at (0,0) width 17: "foo"
        RenderText {#text} at (239,72) size 8x19
          text run at (239,72) width 8: "a"
        RenderMenuList {SELECT} at (246,73) size 43x20 [color=#3C3C434C] [bgcolor=#EEEEEF] [border: (1px solid #FFFFFF)]
          RenderBlock (anonymous) at (6,3) size 30x14
            RenderText at (0,0) size 18x14
              text run at (0,0) width 18: "bar"
        RenderText {#text} at (288,72) size 9x19
          text run at (288,72) width 9: "b"
        RenderBR {BR} at (296,72) size 1x19
        RenderBR {BR} at (1,91) size 0x19
        RenderText {#text} at (1,110) size 441x19
          text run at (1,110) width 441: "Padding should be respected, the arrow button shouldn't change size:"
        RenderMenuList {SELECT} at (442,109) size 39x24 [bgcolor=#E9E9EA] [border: (1px solid #FFFFFF)]
          RenderBlock (anonymous) at (5,5) size 29x14
            RenderText at (0,0) size 17x14
              text run at (0,0) width 17: "foo"
        RenderText {#text} at (481,110) size 8x19
          text run at (481,110) width 8: "a"
        RenderMenuList {SELECT} at (488,109) size 40x24 [color=#3C3C434C] [bgcolor=#EEEEEF] [border: (1px solid #FFFFFF)]
          RenderBlock (anonymous) at (5,5) size 29x14
            RenderText at (0,0) size 17x14
              text run at (0,0) width 17: "foo"
        RenderText {#text} at (527,110) size 9x19
          text run at (527,110) width 9: "b"
        RenderBR {BR} at (535,110) size 1x19
        RenderBR {BR} at (1,131) size 0x19
        RenderText {#text} at (1,153) size 180x19
          text run at (1,153) width 180: "Border should be respected:"
        RenderMenuList {SELECT} at (180,149) size 63x30 [bgcolor=#E9E9EA] [border: (8px solid #33CCFF)]
          RenderBlock (anonymous) at (13,8) size 36x14
            RenderText at (0,0) size 17x14
              text run at (0,0) width 17: "foo"
        RenderText {#text} at (242,153) size 8x19
          text run at (242,153) width 8: "a"
        RenderMenuList {SELECT} at (249,149) size 63x30 [color=#3C3C434C] [bgcolor=#EEEEEF] [border: (8px solid #33CCFF)]
          RenderBlock (anonymous) at (13,8) size 36x14
            RenderText at (0,0) size 17x14
              text run at (0,0) width 17: "foo"
        RenderText {#text} at (311,153) size 9x19
          text run at (311,153) width 9: "b"
        RenderBR {BR} at (319,153) size 1x19
        RenderBR {BR} at (1,177) size 0x19
        RenderText {#text} at (1,200) size 118x19
          text run at (1,200) width 118: "Border + padding:"
        RenderMenuList {SELECT} at (118,195) size 51x32 [bgcolor=#E9E9EA] [border: (4px solid #33CCFF)]
          RenderBlock (anonymous) at (9,9) size 32x14
            RenderText at (0,0) size 17x14
              text run at (0,0) width 17: "foo"
        RenderText {#text} at (168,200) size 8x19
          text run at (168,200) width 8: "a"
        RenderMenuList {SELECT} at (175,195) size 51x32 [color=#3C3C434C] [bgcolor=#EEEEEF] [border: (4px solid #33CCFF)]
          RenderBlock (anonymous) at (9,9) size 32x14
            RenderText at (0,0) size 17x14
              text run at (0,0) width 17: "foo"
        RenderText {#text} at (225,200) size 9x19
          text run at (225,200) width 9: "b"
        RenderBR {BR} at (233,200) size 1x19
        RenderBR {BR} at (1,225) size 0x19
        RenderText {#text} at (1,247) size 491x19
          text run at (1,247) width 491: "Height larger than font-size, button should grow, text baseline should center:"
        RenderMenuList {SELECT} at (491,243) size 42x30 [bgcolor=#E9E9EA] [border: (1px solid #FFFFFF)]
          RenderBlock (anonymous) at (6,8) size 29x14
            RenderText at (0,0) size 17x14
              text run at (0,0) width 17: "foo"
        RenderText {#text} at (532,247) size 8x19
          text run at (532,247) width 8: "a"
        RenderMenuList {SELECT} at (539,243) size 42x30 [color=#3C3C434C] [bgcolor=#EEEEEF] [border: (1px solid #FFFFFF)]
          RenderBlock (anonymous) at (6,8) size 29x14
            RenderText at (0,0) size 17x14
              text run at (0,0) width 17: "foo"
        RenderText {#text} at (580,247) size 9x19
          text run at (580,247) width 9: "b"
        RenderBR {BR} at (588,247) size 1x19
        RenderBR {BR} at (1,271) size 0x19
        RenderText {#text} at (1,287) size 515x19
          text run at (1,287) width 515: "Heigh smaller than font-size, whole select shrinks and is baselined with the text:"
        RenderMenuList {SELECT} at (515,290) size 43x15 [bgcolor=#E9E9EA] [border: (1px solid #FFFFFF)]
          RenderBlock (anonymous) at (6,1) size 30x14
            RenderText at (0,0) size 17x14
              text run at (0,0) width 17: "foo"
        RenderText {#text} at (557,287) size 8x19
          text run at (557,287) width 8: "a"
        RenderMenuList {SELECT} at (564,290) size 43x15 [bgcolor=#E9E9EA] [border: (1px solid #FFFFFF)]
          RenderBlock (anonymous) at (6,1) size 30x14
            RenderText at (0,0) size 18x14
              text run at (0,0) width 18: "bar"
        RenderText {#text} at (606,287) size 9x19
          text run at (606,287) width 9: "b"
        RenderBR {BR} at (614,287) size 1x19
        RenderBR {BR} at (1,303) size 0x19
        RenderText {#text} at (1,319) size 169x19
          text run at (1,319) width 169: "select control with size=0:"
        RenderBR {BR} at (169,319) size 1x19
        RenderMenuList {SELECT} at (1,337) size 188x20 [bgcolor=#E9E9EA] [border: (1px solid #FFFFFF)]
          RenderBlock (anonymous) at (6,3) size 176x14
            RenderText at (0,0) size 70x14
              text run at (0,0) width 70: "Future Series"
        RenderBR {BR} at (189,336) size 0x19
        RenderText {#text} at (1,355) size 169x19
          text run at (1,355) width 169: "select control with size=1:"
        RenderBR {BR} at (169,355) size 1x19
        RenderMenuList {SELECT} at (1,373) size 188x20 [bgcolor=#E9E9EA] [border: (1px solid #FFFFFF)]
          RenderBlock (anonymous) at (6,3) size 176x14
            RenderText at (0,0) size 70x14
              text run at (0,0) width 70: "Future Series"
        RenderBR {BR} at (189,372) size 0x19
        RenderText {#text} at (1,391) size 166x19
          text run at (1,391) width 166: "Non-styled select control:"
        RenderBR {BR} at (166,391) size 1x19
        RenderMenuList {SELECT} at (1,409) size 198x36 [bgcolor=#E9E9EA] [border: (1px solid #FFFFFF)]
          RenderBlock (anonymous) at (11,11) size 176x14
            RenderText at (0,0) size 70x14
              text run at (0,0) width 70: "Future Series"
        RenderBR {BR} at (199,416) size 0x19
        RenderText {#text} at (1,443) size 294x19
          text run at (1,443) width 294: "Styled select control with large border-radius:"
        RenderBR {BR} at (294,443) size 1x19
        RenderMenuList {SELECT} at (1,461) size 198x36 [bgcolor=#33CCFF] [border: (1px solid #FFFFFF)]
          RenderBlock (anonymous) at (11,11) size 176x14
            RenderText at (0,0) size 70x14
              text run at (0,0) width 70: "Future Series"
        RenderBR {BR} at (199,468) size 0x19
