layer at (0,0) size 800x600
  RenderView at (0,0) size 800x600
layer at (0,0) size 800x600
  RenderBlock {HTML} at (0,0) size 800x600
    RenderBody {BODY} at (8,8) size 784x584
      RenderBlock {P} at (0,0) size 784x20
        RenderText {#text} at (0,0) size 576x19
          text run at (0,0) width 576: "The following 5 inputs should be all be rendered exactly the same, aligned to the left side."
      RenderBlock (anonymous) at (0,36) size 784x80
        RenderTextControl {INPUT} at (0,0) size 154x20 [bgcolor=#FFFFFF] [border: (1px solid #3C3C4399)]
        RenderBR {BR} at (153,-1) size 1x19
        RenderTextControl {INPUT} at (0,20) size 154x20 [bgcolor=#FFFFFF] [border: (1px solid #3C3C4399)]
        RenderBR {BR} at (153,19) size 1x19
        RenderTextControl {INPUT} at (0,40) size 154x20 [bgcolor=#FFFFFF] [border: (1px solid #3C3C4399)]
        RenderBR {BR} at (153,39) size 1x19
        RenderTextControl {INPUT} at (0,60) size 154x20 [bgcolor=#FFFFFF] [border: (1px solid #3C3C4399)]
        RenderBR {BR} at (153,59) size 1x19
      RenderBlock {DIV} at (0,116) size 784x20
        RenderTextControl {INPUT} at (0,0) size 154x20 [bgcolor=#FFFFFF] [border: (1px solid #3C3C4399)]
layer at (14,47) size 142x14
  RenderBlock {DIV} at (6,3) size 142x14
    RenderText {#text} at (0,0) size 97x14
      text run at (0,0) width 97: "The quick brown..."
layer at (14,67) size 142x14
  RenderBlock {DIV} at (6,3) size 142x14
    RenderText {#text} at (0,0) size 97x14
      text run at (0,0) width 97: "The quick brown..."
layer at (14,87) size 142x14
  RenderBlock {DIV} at (6,3) size 142x14
    RenderText {#text} at (0,0) size 97x14
      text run at (0,0) width 97: "The quick brown..."
layer at (14,107) size 142x14
  RenderBlock {DIV} at (6,3) size 142x14
    RenderText {#text} at (0,0) size 97x14
      text run at (0,0) width 97: "The quick brown..."
layer at (14,127) size 142x14
  RenderBlock {DIV} at (6,3) size 142x14
    RenderText {#text} at (0,0) size 97x14
      text run at (0,0) width 97: "The quick brown..."
