layer at (0,0) size 800x600
  RenderView at (0,0) size 800x600
layer at (0,0) size 800x600
  RenderBlock {HTML} at (0,0) size 800x600
    RenderBody {BODY} at (8,8) size 784x584
      RenderText {#text} at (0,0) size 336x19
        text run at (0,0) width 336: "This tests that you can set the placeholder text color."
      RenderBR {BR} at (335,0) size 1x19
      RenderText {#text} at (167,39) size 4x19
        text run at (167,39) width 4: " "
      RenderText {#text} at (338,39) size 4x19
        text run at (338,39) width 4: " "
      RenderText {#text} at (509,39) size 4x19
        text run at (509,39) width 4: " "
      RenderText {#text} at (0,0) size 0x0
layer at (8,28) size 167x34 clip at (9,29) size 165x32
  RenderTextControl {TEXTAREA} at (0,20) size 167x34 [bgcolor=#FFFFFF] [border: (1px solid #3C3C4399)]
    RenderBlock {DIV} at (6,3) size 155x14
    RenderBlock {DIV} at (6,3) size 155x14 [color=#640000]
      RenderText {#text} at (0,0) size 21x14
        text run at (0,0) width 21: "text"
layer at (350,28) size 167x34 clip at (351,29) size 165x32
  RenderTextControl {TEXTAREA} at (342,20) size 167x34 [bgcolor=#FFFFFF] [border: (1px solid #3C3C4399)]
    RenderBlock {DIV} at (6,3) size 155x14
    RenderBlock {DIV} at (6,3) size 155x14 [color=#A9A9A9]
      RenderText {#text} at (0,0) size 37x14
        text run at (0,0) width 37: "default"
layer at (179,28) size 167x34 clip at (180,29) size 165x32
  RenderTextControl {TEXTAREA} at (171,20) size 167x34 [color=color(srgb 0.341176 0.341176 0.341176)] [bgcolor=#FFFFFF] [border: (1px solid #3C3C4399)]
    RenderBlock {DIV} at (6,3) size 155x14
    RenderBlock {DIV} at (6,3) size 155x14 [color=#640000]
      RenderText {#text} at (0,0) size 68x14
        text run at (0,0) width 68: "disabled text"
layer at (521,28) size 167x34 clip at (522,29) size 165x32
  RenderTextControl {TEXTAREA} at (513,20) size 167x34 [color=color(srgb 0.341176 0.341176 0.341176)] [bgcolor=#FFFFFF] [border: (1px solid #3C3C4399)]
    RenderBlock {DIV} at (6,3) size 155x14
    RenderBlock {DIV} at (6,3) size 155x14 [color=#A9A9A9]
      RenderText {#text} at (0,0) size 85x14
        text run at (0,0) width 85: "default disabled"
