layer at (0,0) size 800x600
  RenderView at (0,0) size 800x600
layer at (0,0) size 800x600
  RenderBlock {HTML} at (0,0) size 800x600
    RenderBody {BODY} at (8,8) size 784x584
      RenderBlock {P} at (0,0) size 784x18
        RenderText {#text} at (0,0) size 782x17
          text run at (0,0) width 782: "Test appearances of spin buttons. Disabled state and read-only state should have appearances different from the normal state."
      RenderBlock {DIV} at (0,34) size 784x29
        RenderInline {LABEL} at (0,7) size 299x17
          RenderTextControl {INPUT} at (0,0) size 215x29 [bgcolor=#FFFFFF] [border: (2px inset #808080)]
            RenderFlexibleBox {DIV} at (3,3) size 209x23
              RenderBlock {DIV} at (0,0) size 193x23
          RenderText {#text} at (215,7) size 84x17
            text run at (215,7) width 84: " Normal state"
      RenderBlock {DIV} at (0,63) size 784x29
        RenderInline {LABEL} at (0,7) size 306x17
          RenderTextControl {INPUT} at (0,0) size 214x29 [color=color(srgb 0.341176 0.341176 0.341176)] [bgcolor=#FFFFFF] [border: (2px inset #808080)]
            RenderFlexibleBox {DIV} at (3,3) size 208x23
              RenderBlock {DIV} at (0,0) size 192x23
          RenderText {#text} at (214,7) size 92x17
            text run at (214,7) width 92: " Disabled state"
      RenderBlock {DIV} at (0,92) size 784x29
        RenderInline {LABEL} at (0,7) size 316x17
          RenderTextControl {INPUT} at (0,0) size 214x29 [bgcolor=#FFFFFF] [border: (2px inset #808080)]
            RenderFlexibleBox {DIV} at (3,3) size 208x23
              RenderBlock {DIV} at (0,0) size 192x23
          RenderText {#text} at (214,7) size 102x17
            text run at (214,7) width 102: " Read-only state"
layer at (11,45) size 193x23
  RenderBlock {DIV} at (0,0) size 193x23
    RenderText {#text} at (0,0) size 10x22
      text run at (0,0) width 10: "0"
layer at (11,74) size 192x23
  RenderBlock {DIV} at (0,0) size 192x23
    RenderText {#text} at (0,0) size 10x22
      text run at (0,0) width 10: "0"
layer at (11,103) size 192x23
  RenderBlock {DIV} at (0,0) size 192x23
    RenderText {#text} at (0,0) size 10x22
      text run at (0,0) width 10: "0"
layer at (204,47) size 16x20
  RenderBlock (relative positioned) {DIV} at (193,1) size 16x21
layer at (203,76) size 16x20
  RenderBlock (relative positioned) {DIV} at (192,1) size 16x21
layer at (203,105) size 16x20
  RenderBlock (relative positioned) {DIV} at (192,1) size 16x21
