layer at (0,0) size 800x600
  RenderView at (0,0) size 800x600
layer at (0,0) size 800x210
  RenderBlock {HTML} at (0,0) size 800x210
    RenderBody {BODY} at (8,16) size 784x186
      RenderBlock {P} at (0,0) size 784x20
        RenderText {#text} at (0,0) size 758x19
          text run at (0,0) width 758: "This tests that the Strong Password AutoFill button renders in an auto-filled input. It can only be tested in the test tool."
      RenderBlock {DIV} at (0,36) size 784x150
        RenderTextControl {INPUT} at (0,13) size 152x18 [bgcolor=#FAFFBD] [border: (1px solid #3C3C4399)]
        RenderText {#text} at (152,11) size 4x19
          text run at (152,11) width 4: " "
        RenderTextControl {INPUT} at (156,13) size 152x18 [bgcolor=#FAFFBD] [border: (1px solid #3C3C4399)]
        RenderText {#text} at (308,11) size 4x19
          text run at (308,11) width 4: " "
        RenderTextControl {INPUT} at (312,13) size 312x18 [bgcolor=#FAFFBD] [border: (1px solid #3C3C4399)]
        RenderText {#text} at (624,11) size 4x19
          text run at (624,11) width 4: " "
        RenderTextControl {INPUT} at (628,0) size 32x18 [bgcolor=#FAFFBD] [border: (1px solid #3C3C4399)]
        RenderText {#text} at (0,0) size 0x0
        RenderTextControl {INPUT} at (0,44) size 152x106 [bgcolor=#FAFFBD] [border: (1px solid #3C3C4399)]
        RenderText {#text} at (152,86) size 4x19
          text run at (152,86) width 4: " "
        RenderTextControl {INPUT} at (156,31) size 32x106 [bgcolor=#FAFFBD] [border: (1px solid #3C3C4399)]
        RenderText {#text} at (188,86) size 4x19
          text run at (188,86) width 4: " "
        RenderTextControl {INPUT} at (192,88) size 152x18 [bgcolor=#FAFFBD] [border: (1px solid #3C3C4399)]
layer at (14,67) size 140x14
  RenderFlexibleBox {DIV} at (6,2) size 140x14
    RenderBlock {DIV} at (45,0) size 95x14 [color=#000000CC]
      RenderText {#text} at (6,0) size 89x14
        text run at (6,0) width 89: "Strong Password"
layer at (14,68) size 46x12
  RenderBlock {DIV} at (0,1) size 46x12
layer at (170,67) size 140x14
  RenderFlexibleBox {DIV} at (6,2) size 140x14
    RenderBlock {DIV} at (45,0) size 95x14 [color=#000000CC]
      RenderText {#text} at (6,0) size 89x14
        text run at (6,0) width 89: "Strong Password"
layer at (170,68) size 46x12
  RenderBlock {DIV} at (0,1) size 46x12
layer at (326,67) size 300x14
  RenderFlexibleBox {DIV} at (6,2) size 300x14
    RenderBlock {DIV} at (205,0) size 95x14 [color=#000000CC]
      RenderText {#text} at (6,0) size 89x14
        text run at (6,0) width 89: "Strong Password"
layer at (326,68) size 206x12
  RenderBlock {DIV} at (0,1) size 206x12
layer at (642,55) size 20x12 scrollWidth 94 scrollHeight 26
  RenderFlexibleBox {DIV} at (6,3) size 20x12
    RenderBlock {DIV} at (0,12) size 95x14 [color=#000000CC]
      RenderText {#text} at (6,0) size 89x14
        text run at (6,0) width 89: "Strong Password"
layer at (642,55) size 20x12
  RenderBlock {DIV} at (0,0) size 20x12
layer at (14,142) size 140x14
  RenderFlexibleBox {DIV} at (6,46) size 140x14
    RenderBlock {DIV} at (45,0) size 95x14 [color=#000000CC]
      RenderText {#text} at (6,0) size 89x14
        text run at (6,0) width 89: "Strong Password"
layer at (14,143) size 46x12
  RenderBlock {DIV} at (0,1) size 46x12
layer at (170,130) size 20x12 scrollWidth 94 scrollHeight 26
  RenderFlexibleBox {DIV} at (6,47) size 20x12
    RenderBlock {DIV} at (0,12) size 95x14 [color=#000000CC]
      RenderText {#text} at (6,0) size 89x14
        text run at (6,0) width 89: "Strong Password"
layer at (170,130) size 20x12
  RenderBlock {DIV} at (0,0) size 20x12
layer at (206,142) size 140x14
  RenderFlexibleBox {DIV} at (6,2) size 140x14
    RenderBlock {DIV} at (45,0) size 95x14 [color=#000000CC]
      RenderText {#text} at (6,0) size 89x14
        text run at (6,0) width 89: "Strong Password"
layer at (206,143) size 46x12
  RenderBlock {DIV} at (0,1) size 46x12
layer at (14,68) size 46x12 scrollWidth 284
  RenderBlock {DIV} at (0,0) size 46x12 [color=#00000099]
    RenderText {#text} at (0,0) size 284x12
      text run at (0,0) width 284: "A quick brown fox jumped over the lazy dog."
layer at (170,68) size 46x12 scrollWidth 284
  RenderBlock {DIV} at (0,0) size 46x12 [color=#00000099]
    RenderText {#text} at (0,0) size 284x12
      text run at (0,0) width 284: "A quick brown fox jumped over the lazy dog."
layer at (326,68) size 206x12 scrollWidth 284
  RenderBlock {DIV} at (0,0) size 206x12 [color=#00000099]
    RenderText {#text} at (0,0) size 284x12
      text run at (0,0) width 284: "A quick brown fox jumped over the lazy dog."
layer at (642,55) size 20x12 scrollWidth 284
  RenderBlock {DIV} at (0,0) size 20x12 [color=#00000099]
    RenderText {#text} at (0,0) size 284x12
      text run at (0,0) width 284: "A quick brown fox jumped over the lazy dog."
layer at (14,143) size 46x12 scrollWidth 284
  RenderBlock {DIV} at (0,0) size 46x12 [color=#00000099]
    RenderText {#text} at (0,0) size 284x12
      text run at (0,0) width 284: "A quick brown fox jumped over the lazy dog."
layer at (170,130) size 20x12 scrollWidth 284
  RenderBlock {DIV} at (0,0) size 20x12 [color=#00000099]
    RenderText {#text} at (0,0) size 284x12
      text run at (0,0) width 284: "A quick brown fox jumped over the lazy dog."
